Component: ARM Compiler 5.06 update 4 (build 422) Tool: armlink [4d35d2]

==============================================================================

Section Cross References

    main.o(i.DelayMs) refers to sysctl.o(i.SysCtlClockGet) for SysCtlClockGet
    main.o(i.DelayMs) refers to sysctl.o(.emb_text) for SysCtlDelay
    main.o(i.S800_GPIO_Init) refers to sysctl.o(i.SysCtlPeripheralEnable) for SysCtlPeripheralEnable
    main.o(i.S800_GPIO_Init) refers to sysctl.o(i.SysCtlPeripheralReady) for SysCtlPeripheralReady
    main.o(i.S800_GPIO_Init) refers to gpio.o(i.GPIOPinTypeGPIOOutput) for GPIOPinTypeGPIOOutput
    main.o(i.S800_GPIO_Init) refers to gpio.o(i.GPIOPinTypeGPIOInput) for GPIOPinTypeGPIOInput
    main.o(i.S800_GPIO_Init) refers to gpio.o(i.GPIOPadConfigSet) for GPIOPadConfigSet
    main.o(i.S800_SysTick_Init) refers to systick.o(i.SysTickPeriodSet) for SysTickPeriodSet
    main.o(i.S800_SysTick_Init) refers to systick.o(i.SysTickIntEnable) for SysTickIntEnable
    main.o(i.S800_SysTick_Init) refers to systick.o(i.SysTickEnable) for SysTickEnable
    main.o(i.S800_SysTick_Init) refers to interrupt.o(i.IntMasterEnable) for IntMasterEnable
    main.o(i.S800_SysTick_Init) refers to main.o(.data) for .data
    main.o(i.SystemClock_PLL) refers to sysctl.o(i.SysCtlClockFreqSet) for SysCtlClockFreqSet
    main.o(i.main) refers to main.o(i.SystemClock_PLL) for SystemClock_PLL
    main.o(i.main) refers to main.o(i.S800_GPIO_Init) for S800_GPIO_Init
    main.o(i.main) refers to s800_i2c.o(i.S800_I2C0_Init) for S800_I2C0_Init
    main.o(i.main) refers to flash_led.o(i.SetScrollSpeed) for SetScrollSpeed
    main.o(i.main) refers to main.o(i.S800_SysTick_Init) for S800_SysTick_Init
    main.o(i.main) refers to control_loop.o(i.main_control_loop) for main_control_loop
    main.o(i.main) refers to main.o(.data) for .data
    main.o(i.main) refers to flash_led.o(.data) for speed_level
    callback.o(i.SysTick_Handler) refers to flash_led.o(i.MoveWindow) for MoveWindow
    callback.o(i.SysTick_Handler) refers to gpio.o(i.GPIOPinWrite) for GPIOPinWrite
    callback.o(i.SysTick_Handler) refers to flash_led.o(i.Seg7Code_FromAscii) for Seg7Code_FromAscii
    callback.o(i.SysTick_Handler) refers to s800_i2c.o(i.I2C0_WriteByte) for I2C0_WriteByte
    callback.o(i.SysTick_Handler) refers to main.o(.data) for time_flag_1ms
    callback.o(i.SysTick_Handler) refers to flash_led.o(.data) for delay_time
    callback.o(i.SysTick_Handler) refers to flash_led.o(.data) for index
    callback.o(i.SysTick_Handler) refers to flash_led.o(.data) for str_buffer
    control_loop.o(i.main_control_loop) refers to flash_led.o(i.is_key_Pressed) for is_key_Pressed
    control_loop.o(i.main_control_loop) refers to flash_led.o(i.SetScrollSpeed) for SetScrollSpeed
    control_loop.o(i.main_control_loop) refers to main.o(.data) for time_flag_1ms
    control_loop.o(i.main_control_loop) refers to flash_led.o(.data) for dir
    control_loop.o(i.main_control_loop) refers to flash_led.o(.data) for speed_level
    flash_led.o(i.LED_Flash) refers to flash_led.o(i.SetScrollSpeed) for SetScrollSpeed
    flash_led.o(i.LED_Flash) refers to gpio.o(i.GPIOPinWrite) for GPIOPinWrite
    flash_led.o(i.LED_Flash) refers to main.o(i.DelayMs) for DelayMs
    flash_led.o(i.LED_Flash) refers to flash_led.o(.data) for .data
    flash_led.o(i.MoveWindow) refers to flash_led.o(.data) for .data
    flash_led.o(i.SetScrollSpeed) refers to gpio.o(i.GPIOPinWrite) for GPIOPinWrite
    flash_led.o(i.SetScrollSpeed) refers to flash_led.o(.data) for .data
    flash_led.o(i.is_key_Pressed) refers to gpio.o(i.GPIOPinRead) for GPIOPinRead
    flash_led.o(i.is_key_Pressed) refers to main.o(i.DelayMs) for DelayMs
    s800_i2c.o(i.I2C0_ReadByte) refers to i2c.o(i.I2CMasterBusy) for I2CMasterBusy
    s800_i2c.o(i.I2C0_ReadByte) refers to i2c.o(i.I2CMasterSlaveAddrSet) for I2CMasterSlaveAddrSet
    s800_i2c.o(i.I2C0_ReadByte) refers to i2c.o(i.I2CMasterDataPut) for I2CMasterDataPut
    s800_i2c.o(i.I2C0_ReadByte) refers to i2c.o(i.I2CMasterControl) for I2CMasterControl
    s800_i2c.o(i.I2C0_ReadByte) refers to i2c.o(i.I2CMasterBusBusy) for I2CMasterBusBusy
    s800_i2c.o(i.I2C0_ReadByte) refers to i2c.o(i.I2CMasterErr) for I2CMasterErr
    s800_i2c.o(i.I2C0_ReadByte) refers to s800_i2c.o(i.Delay) for Delay
    s800_i2c.o(i.I2C0_ReadByte) refers to i2c.o(i.I2CMasterDataGet) for I2CMasterDataGet
    s800_i2c.o(i.I2C0_WriteByte) refers to i2c.o(i.I2CMasterBusy) for I2CMasterBusy
    s800_i2c.o(i.I2C0_WriteByte) refers to i2c.o(i.I2CMasterSlaveAddrSet) for I2CMasterSlaveAddrSet
    s800_i2c.o(i.I2C0_WriteByte) refers to i2c.o(i.I2CMasterDataPut) for I2CMasterDataPut
    s800_i2c.o(i.I2C0_WriteByte) refers to i2c.o(i.I2CMasterControl) for I2CMasterControl
    s800_i2c.o(i.I2C0_WriteByte) refers to i2c.o(i.I2CMasterErr) for I2CMasterErr
    s800_i2c.o(i.S800_I2C0_Init) refers to sysctl.o(i.SysCtlPeripheralEnable) for SysCtlPeripheralEnable
[...]
    gpio.o(i.GPIOPinTypeEthernetLED) refers to gpio.o(i.GPIODirModeSet) for GPIODirModeSet
    gpio.o(i.GPIOPinTypeEthernetLED) refers to gpio.o(i.GPIOPadConfigSet) for GPIOPadConfigSet
    gpio.o(i.GPIOPinTypeEthernetMII) refers to gpio.o(i.GPIODirModeSet) for GPIODirModeSet
    gpio.o(i.GPIOPinTypeEthernetMII) refers to gpio.o(i.GPIOPadConfigSet) for GPIOPadConfigSet
    gpio.o(i.GPIOPinTypeGPIOInput) refers to gpio.o(i.GPIODirModeSet) for GPIODirModeSet
    gpio.o(i.GPIOPinTypeGPIOInput) refers to gpio.o(i.GPIOPadConfigSet) for GPIOPadConfigSet
    gpio.o(i.GPIOPinTypeGPIOOutput) refers to gpio.o(i.GPIOPadConfigSet) for GPIOPadConfigSet
    gpio.o(i.GPIOPinTypeGPIOOutput) refers to gpio.o(i.GPIODirModeSet) for GPIODirModeSet
    gpio.o(i.GPIOPinTypeGPIOOutputOD) refers to gpio.o(i.GPIOPadConfigSet) for GPIOPadConfigSet
    gpio.o(i.GPIOPinTypeGPIOOutputOD) refers to gpio.o(i.GPIODirModeSet) for GPIODirModeSet
    gpio.o(i.GPIOPinTypeHibernateRTCCLK) refers to gpio.o(i.GPIODirModeSet) for GPIODirModeSet
    gpio.o(i.GPIOPinTypeHibernateRTCCLK) refers to gpio.o(i.GPIOPadConfigSet) for GPIOPadConfigSet
    gpio.o(i.GPIOPinTypeI2C) refers to gpio.o(i.GPIODirModeSet) for GPIODirModeSet
    gpio.o(i.GPIOPinTypeI2C) refers to gpio.o(i.GPIOPadConfigSet) for GPIOPadConfigSet
    gpio.o(i.GPIOPinTypeI2CSCL) refers to gpio.o(i.GPIODirModeSet) for GPIODirModeSet
    gpio.o(i.GPIOPinTypeI2CSCL) refers to gpio.o(i.GPIOPadConfigSet) for GPIOPadConfigSet
    gpio.o(i.GPIOPinTypeLCD) refers to gpio.o(i.GPIODirModeSet) for GPIODirModeSet
    gpio.o(i.GPIOPinTypeLCD) refers to gpio.o(i.GPIOPadConfigSet) for GPIOPadConfigSet
    gpio.o(i.GPIOPinTypeOneWire) refers to gpio.o(i.GPIODirModeSet) for GPIODirModeSet
    gpio.o(i.GPIOPinTypeOneWire) refers to gpio.o(i.GPIOPadConfigSet) for GPIOPadConfigSet
    gpio.o(i.GPIOPinTypePWM) refers to gpio.o(i.GPIODirModeSet) for GPIODirModeSet
    gpio.o(i.GPIOPinTypePWM) refers to gpio.o(i.GPIOPadConfigSet) for GPIOPadConfigSet
    gpio.o(i.GPIOPinTypeQEI) refers to gpio.o(i.GPIODirModeSet) for GPIODirModeSet
    gpio.o(i.GPIOPinTypeQEI) refers to gpio.o(i.GPIOPadConfigSet) for GPIOPadConfigSet
    gpio.o(i.GPIOPinTypeSSI) refers to gpio.o(i.GPIODirModeSet) for GPIODirModeSet
    gpio.o(i.GPIOPinTypeSSI) refers to gpio.o(i.GPIOPadConfigSet) for GPIOPadConfigSet
    gpio.o(i.GPIOPinTypeTimer) refers to gpio.o(i.GPIODirModeSet) for GPIODirModeSet
    gpio.o(i.GPIOPinTypeTimer) refers to gpio.o(i.GPIOPadConfigSet) for GPIOPadConfigSet
    gpio.o(i.GPIOPinTypeTrace) refers to gpio.o(i.GPIODirModeSet) for GPIODirModeSet
    gpio.o(i.GPIOPinTypeTrace) refers to gpio.o(i.GPIOPadConfigSet) for GPIOPadConfigSet
    gpio.o(i.GPIOPinTypeUART) refers to gpio.o(i.GPIODirModeSet) for GPIODirModeSet
    gpio.o(i.GPIOPinTypeUART) refers to gpio.o(i.GPIOPadConfigSet) for GPIOPadConfigSet
    gpio.o(i.GPIOPinTypeUSBAnalog) refers to gpio.o(i.GPIODirModeSet) for GPIODirModeSet
    gpio.o(i.GPIOPinTypeUSBAnalog) refers to gpio.o(i.GPIOPadConfigSet) for GPIOPadConfigSet
    gpio.o(i.GPIOPinTypeUSBDigital) refers to gpio.o(i.GPIODirModeSet) for GPIODirModeSet
    gpio.o(i.GPIOPinTypeUSBDigital) refers to gpio.o(i.GPIOPadConfigSet) for GPIOPadConfigSet
    gpio.o(i.GPIOPinTypeWakeHigh) refers to gpio.o(i.GPIODirModeSet) for GPIODirModeSet
    gpio.o(i.GPIOPinTypeWakeHigh) refers to gpio.o(i.GPIOPadConfigSet) for GPIOPadConfigSet
    gpio.o(i.GPIOPinTypeWakeLow) refers to gpio.o(i.GPIODirModeSet) for GPIODirModeSet
    gpio.o(i.GPIOPinTypeWakeLow) refers to gpio.o(i.GPIOPadConfigSet) for GPIOPadConfigSet
    gpio.o(i._GPIOIntNumberGet) refers to gpio.o(.constdata) for .constdata
    i2c.o(i.I2CIntRegister) refers to interrupt.o(i.IntRegister) for IntRegister
    i2c.o(i.I2CIntRegister) refers to interrupt.o(i.IntEnable) for IntEnable
    i2c.o(i.I2CIntRegister) refers to i2c.o(.constdata) for .constdata
    i2c.o(i.I2CIntUnregister) refers to interrupt.o(i.IntDisable) for IntDisable
    i2c.o(i.I2CIntUnregister) refers to interrupt.o(i.IntUnregister) for IntUnregister
    i2c.o(i.I2CIntUnregister) refers to i2c.o(.constdata) for .constdata
    interrupt.o(i.IntDisable) refers to interrupt.o(.constdata) for .constdata
    interrupt.o(i.IntEnable) refers to interrupt.o(.constdata) for .constdata
    interrupt.o(i.IntIsEnabled) refers to interrupt.o(.constdata) for .constdata
    interrupt.o(i.IntMasterDisable) refers to cpu.o(.emb_text) for CPUcpsid
    interrupt.o(i.IntMasterEnable) refers to cpu.o(.emb_text) for CPUcpsie
    interrupt.o(i.IntPendClear) refers to interrupt.o(.constdata) for .constdata
    interrupt.o(i.IntPendSet) refers to interrupt.o(.constdata) for .constdata
    interrupt.o(i.IntPriorityGet) refers to interrupt.o(.constdata) for .constdata
    interrupt.o(i.IntPriorityGroupingGet) refers to interrupt.o(.constdata) for .constdata
    interrupt.o(i.IntPriorityGroupingSet) refers to interrupt.o(.constdata) for .constdata
    interrupt.o(i.IntPriorityMaskGet) refers to cpu.o(.emb_text) for CPUbasepriGet
    interrupt.o(i.IntPriorityMaskSet) refers to cpu.o(.emb_text) for CPUbasepriSet
    interrupt.o(i.IntPrioritySet) refers to interrupt.o(.constdata) for .constdata
    interrupt.o(i.IntRegister) refers to interrupt.o(vtable) for vtable
    interrupt.o(i.IntUnregister) refers to interrupt.o(i._IntDefaultHandler) for _IntDefaultHandler
    interrupt.o(i.IntUnregister) refers to interrupt.o(vtable) for vtable
    sysctl.o(i.SysCtlClockFreqSet) refers to sysctl.o(.constdata) for .constdata
    sysctl.o(i.SysCtlClockGet) refers to sysctl.o(.constdata) for .constdata
    sysctl.o(i.SysCtlClockSet) refers to sysctl.o(.emb_text) for SysCtlDelay
    sysctl.o(i.SysCtlDeepSleep) refers to cpu.o(.emb_text) for CPUwfi
    sysctl.o(i.SysCtlIntRegister) refers to interrupt.o(i.IntRegister) for IntRegister
    sysctl.o(i.SysCtlIntRegister) refers to interrupt.o(i.IntEnable) for IntEnable
    sysctl.o(i.SysCtlIntUnregister) refers to interrupt.o(i.IntDisable) for IntDisable
    sysctl.o(i.SysCtlIntUnregister) refers to interrupt.o(i.IntUnregister) for IntUnregister
    sysctl.o(i.SysCtlSleep) refers to cpu.o(.emb_text) for CPUwfi
    sysctl.o(i.SysCtlVCOGet) refers to sysctl.o(.constdata) for .constdata
    systick.o(i.SysTickIntRegister) refers to interrupt.o(i.IntRegister) for IntRegister
    systick.o(i.SysTickIntUnregister) refers to interrupt.o(i.IntUnregister) for IntUnregister
    __main.o(!!!main) refers to __rtentry.o(.ARM.Collect$$rtentry$$00000000) for __rt_entry
    __rtentry.o(.ARM.Collect$$rtentry$$00000000) refers (Special) to __rtentry2.o(.ARM.Collect$$rtentry$$0000000A) for __rt_entry_li
    __rtentry.o(.ARM.Collect$$rtentry$$00000000) refers (Special) to __rtentry2.o(.ARM.Collect$$rtentry$$0000000D) for __rt_entry_main
    __rtentry.o(.ARM.Collect$$rtentry$$00000000) refers (Special) to __rtentry2.o(.ARM.Collect$$rtentry$$0000000C) for __rt_entry_postli_1
    __rtentry.o(.ARM.Collect$$rtentry$$00000000) refers (Special) to __rtentry2.o(.ARM.Collect$$rtentry$$00000009) for __rt_entry_postsh_1
    __rtentry.o(.ARM.Collect$$rtentry$$00000000) refers (Special) to __rtentry2.o(.ARM.Collect$$rtentry$$00000002) for __rt_entry_presh_1
    __rtentry.o(.ARM.Collect$$rtentry$$00000000) refers (Special) to __rtentry4.o(.ARM.Collect$$rtentry$$00000004) for __rt_entry_sh
    __rtentry2.o(.ARM.Collect$$rtentry$$00000008) refers to boardinit2.o(.text) for _platform_post_stackheap_init
    __rtentry2.o(.ARM.Collect$$rtentry$$0000000A) refers to libinit.o(.ARM.Collect$$libinit$$00000000) for __rt_lib_init
    __rtentry2.o(.ARM.Collect$$rtentry$$0000000B) refers to boardinit3.o(.text) for _platform_post_lib_init
    __rtentry2.o(.ARM.Collect$$rtentry$$0000000D) refers to main.o(i.main) for main
    __rtentry2.o(.ARM.Collect$$rtentry$$0000000D) refers to exit.o(.text) for exit
    __rtentry2.o(.ARM.exidx) refers to __rtentry2.o(.ARM.Collect$$rtentry$$00000001) for .ARM.Collect$$rtentry$$00000001
    __rtentry2.o(.ARM.exidx) refers to __rtentry2.o(.ARM.Collect$$rtentry$$00000008) for .ARM.Collect$$rtentry$$00000008
    __rtentry2.o(.ARM.exidx) refers to __rtentry2.o(.ARM.Collect$$rtentry$$0000000A) for .ARM.Collect$$rtentry$$0000000A
    __rtentry2.o(.ARM.exidx) refers to __rtentry2.o(.ARM.Collect$$rtentry$$0000000B) for .ARM.Collect$$rtentry$$0000000B
    __rtentry2.o(.ARM.exidx) refers to __rtentry2.o(.ARM.Collect$$rtentry$$0000000D) for .ARM.Collect$$rtentry$$0000000D
    __rtentry4.o(.ARM.Collect$$rtentry$$00000004) refers to sys_stackheap_outer.o(.text) for __user_setup_stackheap
    __rtentry4.o(.ARM.exidx) refers to __rtentry4.o(.ARM.Collect$$rtentry$$00000004) for .ARM.Collect$$rtentry$$00000004
    sys_stackheap_outer.o(.text) refers to libspace.o(.text) for __user_perproc_libspace
    sys_stackheap_outer.o(.text) refers to startup_tm4c129.o(.text) for __user_initial_stackheap
    exit.o(.text) refers to rtexit.o(.ARM.Collect$$rtexit$$00000000) for __rt_exit
    libinit.o(.ARM.Collect$$libinit$$00000000) refers (Special) to libinit2.o(.ARM.Collect$$libinit$$0000002E) for __rt_lib_init_alloca_1
    libinit.o(.ARM.Collect$$libinit$$00000000) refers (Special) to libinit2.o(.ARM.Collect$$libinit$$0000002C) for __rt_lib_init_argv_1
    libinit.o(.ARM.Collect$$libinit$$00000000) refers (Special) to libinit2.o(.ARM.Collect$$libinit$$0000001B) for __rt_lib_init_atexit_1
    libinit.o(.ARM.Collect$$libinit$$00000000) refers (Special) to libinit2.o(.ARM.Collect$$libinit$$00000021) for __rt_lib_init_clock_1
    libinit.o(.ARM.Collect$$libinit$$00000000) refers (Special) to libinit2.o(.ARM.Collect$$libinit$$00000032) for __rt_lib_init_cpp_1
    libinit.o(.ARM.Collect$$libinit$$00000000) refers (Special) to libinit2.o(.ARM.Collect$$libinit$$00000030) for __rt_lib_init_exceptions_1
    libinit.o(.ARM.Collect$$libinit$$00000000) refers (Special) to libinit2.o(.ARM.Collect$$libinit$$00000001) for __rt_lib_init_fp_1
    libinit.o(.ARM.Collect$$libinit$$00000000) refers (Special) to libinit2.o(.ARM.Collect$$libinit$$0000001F) for __rt_lib_init_fp_trap_1
    libinit.o(.ARM.Collect$$libinit$$00000000) refers (Special) to libinit2.o(.ARM.Collect$$libinit$$00000023) for __rt_lib_init_getenv_1
    libinit.o(.ARM.Collect$$libinit$$00000000) refers (Special) to libinit2.o(.ARM.Collect$$libinit$$0000000A) for __rt_lib_init_heap_1
    libinit.o(.ARM.Collect$$libinit$$00000000) refers (Special) to libinit2.o(.ARM.Collect$$libinit$$00000011) for __rt_lib_init_lc_collate_1
    libinit.o(.ARM.Collect$$libinit$$00000000) refers (Special) to libinit2.o(.ARM.Collect$$libinit$$00000013) for __rt_lib_init_lc_ctype_1
    libinit.o(.ARM.Collect$$libinit$$00000000) refers (Special) to libinit2.o(.ARM.Collect$$libinit$$00000015) for __rt_lib_init_lc_monetary_1
    libinit.o(.ARM.Collect$$libinit$$00000000) refers (Special) to libinit2.o(.ARM.Collect$$libinit$$00000017) for __rt_lib_init_lc_numeric_1
    libinit.o(.ARM.Collect$$libinit$$00000000) refers (Special) to libinit2.o(.ARM.Collect$$libinit$$00000019) for __rt_lib_init_lc_time_1
    libinit.o(.ARM.Collect$$libinit$$00000000) refers (Special) to libinit2.o(.ARM.Collect$$libinit$$00000004) for __rt_lib_init_preinit_1
    libinit.o(.ARM.Collect$$libinit$$00000000) refers (Special) to libinit2.o(.ARM.Collect$$libinit$$0000000E) for __rt_lib_init_rand_1
    libinit.o(.ARM.Collect$$libinit$$00000000) refers (Special) to libinit2.o(.ARM.Collect$$libinit$$00000033) for __rt_lib_init_return
    libinit.o(.ARM.Collect$$libinit$$00000000) refers (Special) to libinit2.o(.ARM.Collect$$libinit$$0000001D) for __rt_lib_init_signal_1
    libinit.o(.ARM.Collect$$libinit$$00000000) refers (Special) to libinit2.o(.ARM.Collect$$libinit$$00000025) for __rt_lib_init_stdio_1
    libinit.o(.ARM.Collect$$libinit$$00000000) refers (Special) to libinit2.o(.ARM.Collect$$libinit$$0000000C) for __rt_lib_init_user_alloc_1
    libspace.o(.text) refers to libspace.o(.bss) for __libspace_start
    rtexit.o(.ARM.Collect$$rtexit$$00000000) refers (Special) to rtexit2.o(.ARM.Collect$$rtexit$$00000004) for __rt_exit_exit
    rtexit.o(.ARM.Collect$$rtexit$$00000000) refers (Special) to rtexit2.o(.ARM.Collect$$rtexit$$00000003) for __rt_exit_ls
    rtexit.o(.ARM.Collect$$rtexit$$00000000) refers (Special) to rtexit2.o(.ARM.Collect$$rtexit$$00000002) for __rt_exit_prels_1
    rtexit.o(.ARM.exidx) refers (Special) to rtexit2.o(.ARM.Collect$$rtexit$$00000004) for __rt_exit_exit
    rtexit.o(.ARM.exidx) refers (Special) to rtexit2.o(.ARM.Collect$$rtexit$$00000003) for __rt_exit_ls
    rtexit.o(.ARM.exidx) refers (Special) to rtexit2.o(.ARM.Collect$$rtexit$$00000002) for __rt_exit_prels_1
    rtexit.o(.ARM.exidx) refers to rtexit.o(.ARM.Collect$$rtexit$$00000000) for .ARM.Collect$$rtexit$$00000000
    libinit2.o(.ARM.Collect$$libinit$$00000001) refers to fpinit.o(x$fpl$fpinit) for _fp_init
    libinit2.o(.ARM.Collect$$libinit$$00000010) refers to libinit2.o(.ARM.Collect$$libinit$$0000000F) for .ARM.Collect$$libinit$$0000000F
    libinit2.o(.ARM.Collect$$libinit$$00000012) refers to libinit2.o(.ARM.Collect$$libinit$$0000000F) for .ARM.Collect$$libinit$$0000000F
    libinit2.o(.ARM.Collect$$libinit$$00000014) refers to libinit2.o(.ARM.Collect$$libinit$$0000000F) for .ARM.Collect$$libinit$$0000000F
    libinit2.o(.ARM.Collect$$libinit$$00000016) refers to libinit2.o(.ARM.Collect$$libinit$$0000000F) for .ARM.Collect$$libinit$$0000000F
    libinit2.o(.ARM.Collect$$libinit$$00000018) refers to libinit2.o(.ARM.Collect$$libinit$$0000000F) for .ARM.Collect$$libinit$$0000000F
    libinit2.o(.ARM.Collect$$libinit$$00000026) refers to argv_veneer.o(.emb_text) for __ARM_argv_veneer
    libinit2.o(.ARM.Collect$$libinit$$00000027) refers to argv_veneer.o(.emb_text) for __ARM_argv_veneer
    rtexit2.o(.ARM.Collect$$rtexit$$00000003) refers to libshutdown.o(.ARM.Collect$$libshutdown$$00000000) for __rt_lib_shutdown
    rtexit2.o(.ARM.Collect$$rtexit$$00000004) refers to sys_exit.o(.text) for _sys_exit
    rtexit2.o(.ARM.exidx) refers to rtexit2.o(.ARM.Collect$$rtexit$$00000001) for .ARM.Collect$$rtexit$$00000001
    rtexit2.o(.ARM.exidx) refers to rtexit2.o(.ARM.Collect$$rtexit$$00000003) for .ARM.Collect$$rtexit$$00000003
    rtexit2.o(.ARM.exidx) refers to rtexit2.o(.ARM.Collect$$rtexit$$00000004) for .ARM.Collect$$rtexit$$00000004
    argv_veneer.o(.emb_text) refers to no_argv.o(.text) for __ARM_get_argv
    sys_exit.o(.text) refers (Special) to use_no_semi.o(.text) for __I$use$semihosting
    sys_exit.o(.text) refers (Special) to indicate_semi.o(.text) for __semihosting_library_function
    _get_argv_nomalloc.o(.text) refers (Special) to hrguard.o(.text) for __heap_region$guard
    _get_argv_nomalloc.o(.text) refers to defsig_rtmem_outer.o(.text) for __rt_SIGRTMEM
    _get_argv_nomalloc.o(.text) refers to sys_command.o(.text) for _sys_command_string
    libshutdown.o(.ARM.Collect$$libshutdown$$00000000) refers (Special) to libshutdown2.o(.ARM.Collect$$libshutdown$$00000002) for __rt_lib_shutdown_cpp_1
    libshutdown.o(.ARM.Collect$$libshutdown$$00000000) refers (Special) to libshutdown2.o(.ARM.Collect$$libshutdown$$00000007) for __rt_lib_shutdown_fp_trap_1
    libshutdown.o(.ARM.Collect$$libshutdown$$00000000) refers (Special) to libshutdown2.o(.ARM.Collect$$libshutdown$$0000000F) for __rt_lib_shutdown_heap_1
    libshutdown.o(.ARM.Collect$$libshutdown$$00000000) refers (Special) to libshutdown2.o(.ARM.Collect$$libshutdown$$00000010) for __rt_lib_shutdown_return
    libshutdown.o(.ARM.Collect$$libshutdown$$00000000) refers (Special) to libshutdown2.o(.ARM.Collect$$libshutdown$$0000000A) for __rt_lib_shutdown_signal_1
    libshutdown.o(.ARM.Collect$$libshutdown$$00000000) refers (Special) to libshutdown2.o(.ARM.Collect$$libshutdown$$00000004) for __rt_lib_shutdown_stdio_1
    libshutdown.o(.ARM.Collect$$libshutdown$$00000000) refers (Special) to libshutdown2.o(.ARM.Collect$$libshutdown$$0000000C) for __rt_lib_shutdown_user_alloc_1
    sys_command.o(.text) refers (Special) to use_no_semi.o(.text) for __I$use$semihosting
    sys_command.o(.text) refers (Special) to indicate_semi.o(.text) for __semihosting_library_function
    defsig_rtmem_outer.o(.text) refers to defsig_rtmem_inner.o(.text) for __rt_SIGRTMEM_inner
    defsig_rtmem_outer.o(.text) refers to defsig_exit.o(.text) for __sig_exit
    defsig_rtmem_formal.o(.text) refers to rt_raise.o(.text) for __rt_raise
    rt_raise.o(.text) refers to __raise.o(.text) for __raise
    rt_raise.o(.text) refers to sys_exit.o(.text) for _sys_exit
    defsig_exit.o(.text) refers to sys_exit.o(.text) for _sys_exit
    defsig_rtmem_inner.o(.text) refers to defsig_general.o(.text) for __default_signal_display
    __raise.o(.text) refers to defsig.o(CL$$defsig) for __default_signal_handler
    defsig_general.o(.text) refers to sys_wrch.o(.text) for _ttywrch
    sys_wrch.o(.text) refers (Special) to use_no_semi.o(.text) for __I$use$semihosting
    sys_wrch.o(.text) refers (Special) to indicate_semi.o(.text) for __semihosting_library_function
    defsig.o(CL$$defsig) refers to defsig_rtmem_inner.o(.text) for __rt_SIGRTMEM_inner
    defsig_abrt_inner.o(.text) refers to defsig_general.o(.text) for __default_signal_display
    defsig_fpe_inner.o(.text) refers to defsig_general.o(.text) for __default_signal_display
    defsig_rtred_inner.o(.text) refers to defsig_general.o(.text) for __default_signal_display
    defsig_stak_inner.o(.text) refers to defsig_general.o(.text) for __default_signal_display
    defsig_pvfn_inner.o(.text) refers to defsig_general.o(.text) for __default_signal_display
    defsig_cppl_inner.o(.text) refers to defsig_general.o(.text) for __default_signal_display
    defsig_segv_inner.o(.text) refers to defsig_general.o(.text) for __default_signal_display
    defsig_other.o(.text) refers to defsig_general.o(.text) for __default_signal_display


==============================================================================

Removing Unused input sections from the image.

    Removing flash_led.o(i.LED_Flash), (56 bytes).
    Removing flash_led.o(.data), (4 bytes).
    Removing flash_led.o(.data), (4 bytes).
    Removing s800_i2c.o(i.Delay), (12 bytes).
    Removing s800_i2c.o(i.I2C0_ReadByte), (116 bytes).
    Removing system_tm4c129.o(.rev16_text), (4 bytes).
    Removing system_tm4c129.o(.revsh_text), (4 bytes).
    Removing system_tm4c129.o(.rrx_text), (6 bytes).
    Removing system_tm4c129.o(i.SystemCoreClockUpdate), (16 bytes).
    Removing gpio.o(i.GPIOADCTriggerDisable), (14 bytes).
    Removing gpio.o(i.GPIOADCTriggerEnable), (12 bytes).
    Removing gpio.o(i.GPIODMATriggerDisable), (14 bytes).
    Removing gpio.o(i.GPIODMATriggerEnable), (12 bytes).
    Removing gpio.o(i.GPIODirModeGet), (34 bytes).
    Removing gpio.o(i.GPIOIntClear), (6 bytes).
    Removing gpio.o(i.GPIOIntDisable), (14 bytes).
    Removing gpio.o(i.GPIOIntEnable), (12 bytes).
    Removing gpio.o(i.GPIOIntRegister), (26 bytes).
    Removing gpio.o(i.GPIOIntRegisterPin), (30 bytes).
    Removing gpio.o(i.GPIOIntStatus), (14 bytes).
    Removing gpio.o(i.GPIOIntTypeGet), (68 bytes).
    Removing gpio.o(i.GPIOIntTypeSet), (80 bytes).
    Removing gpio.o(i.GPIOIntUnregister), (22 bytes).
    Removing gpio.o(i.GPIOIntUnregisterPin), (26 bytes).
    Removing gpio.o(i.GPIOPadConfigGet), (204 bytes).
    Removing gpio.o(i.GPIOPinTypeADC), (28 bytes).
    Removing gpio.o(i.GPIOPinTypeCAN), (28 bytes).
    Removing gpio.o(i.GPIOPinTypeComparator), (28 bytes).
    Removing gpio.o(i.GPIOPinTypeComparatorOutput), (28 bytes).
    Removing gpio.o(i.GPIOPinTypeDIVSCLK), (28 bytes).
    Removing gpio.o(i.GPIOPinTypeEPI), (28 bytes).
    Removing gpio.o(i.GPIOPinTypeEthernetLED), (28 bytes).
    Removing gpio.o(i.GPIOPinTypeEthernetMII), (28 bytes).
    Removing gpio.o(i.GPIOPinTypeGPIOOutputOD), (28 bytes).
    Removing gpio.o(i.GPIOPinTypeHibernateRTCCLK), (28 bytes).
    Removing gpio.o(i.GPIOPinTypeLCD), (28 bytes).
    Removing gpio.o(i.GPIOPinTypeOneWire), (28 bytes).
    Removing gpio.o(i.GPIOPinTypePWM), (28 bytes).
    Removing gpio.o(i.GPIOPinTypeQEI), (28 bytes).
    Removing gpio.o(i.GPIOPinTypeSSI), (28 bytes).
    Removing gpio.o(i.GPIOPinTypeTimer), (28 bytes).
    Removing gpio.o(i.GPIOPinTypeTrace), (28 bytes).
    Removing gpio.o(i.GPIOPinTypeUART), (28 bytes).
    Removing gpio.o(i.GPIOPinTypeUSBAnalog), (28 bytes).
    Removing gpio.o(i.GPIOPinTypeUSBDigital), (28 bytes).
    Removing gpio.o(i.GPIOPinTypeWakeHigh), (30 bytes).
    Removing gpio.o(i.GPIOPinTypeWakeLow), (30 bytes).
    Removing gpio.o(i.GPIOPinWakeStatus), (6 bytes).
    Removing gpio.o(i._GPIOIntNumberGet), (80 bytes).
    Removing i2c.o(i.I2CFIFODataGet), (16 bytes).
    Removing i2c.o(i.I2CFIFODataGetNonBlocking), (24 bytes).
    Removing i2c.o(i.I2CFIFODataPut), (16 bytes).
    Removing i2c.o(i.I2CFIFODataPutNonBlocking), (20 bytes).
    Removing i2c.o(i.I2CFIFOStatus), (6 bytes).
    Removing i2c.o(i.I2CIntRegister), (96 bytes).
    Removing i2c.o(i.I2CIntUnregister), (96 bytes).
    Removing i2c.o(i.I2CLoopbackEnable), (10 bytes).
    Removing i2c.o(i.I2CMasterBurstCountGet), (4 bytes).
    Removing i2c.o(i.I2CMasterBurstLengthSet), (4 bytes).
    Removing i2c.o(i.I2CMasterBusBusy), (12 bytes).
    Removing i2c.o(i.I2CMasterDataGet), (4 bytes).
    Removing i2c.o(i.I2CMasterDisable), (10 bytes).
    Removing i2c.o(i.I2CMasterGlitchFilterConfigSet), (84 bytes).
    Removing i2c.o(i.I2CMasterIntClear), (8 bytes).
    Removing i2c.o(i.I2CMasterIntClearEx), (4 bytes).
    Removing i2c.o(i.I2CMasterIntDisable), (6 bytes).
    Removing i2c.o(i.I2CMasterIntDisableEx), (10 bytes).
    Removing i2c.o(i.I2CMasterIntEnable), (6 bytes).
    Removing i2c.o(i.I2CMasterIntEnableEx), (8 bytes).
    Removing i2c.o(i.I2CMasterIntStatus), (24 bytes).
    Removing i2c.o(i.I2CMasterIntStatusEx), (10 bytes).
    Removing i2c.o(i.I2CMasterLineStateGet), (4 bytes).
    Removing i2c.o(i.I2CMasterTimeoutSet), (4 bytes).
    Removing i2c.o(i.I2CRxFIFOConfigSet), (22 bytes).
    Removing i2c.o(i.I2CRxFIFOFlush), (14 bytes).
    Removing i2c.o(i.I2CSlaveACKOverride), (22 bytes).
    Removing i2c.o(i.I2CSlaveACKValueSet), (22 bytes).
    Removing i2c.o(i.I2CSlaveAddressSet), (24 bytes).
    Removing i2c.o(i.I2CSlaveDataGet), (6 bytes).
    Removing i2c.o(i.I2CSlaveDataPut), (6 bytes).
    Removing i2c.o(i.I2CSlaveDisable), (16 bytes).
    Removing i2c.o(i.I2CSlaveEnable), (16 bytes).
    Removing i2c.o(i.I2CSlaveFIFODisable), (8 bytes).
    Removing i2c.o(i.I2CSlaveFIFOEnable), (10 bytes).
    Removing i2c.o(i.I2CSlaveInit), (20 bytes).
    Removing i2c.o(i.I2CSlaveIntClear), (8 bytes).
    Removing i2c.o(i.I2CSlaveIntClearEx), (6 bytes).
    Removing i2c.o(i.I2CSlaveIntDisable), (14 bytes).
    Removing i2c.o(i.I2CSlaveIntDisableEx), (14 bytes).
    Removing i2c.o(i.I2CSlaveIntEnable), (14 bytes).
    Removing i2c.o(i.I2CSlaveIntEnableEx), (12 bytes).
    Removing i2c.o(i.I2CSlaveIntStatus), (28 bytes).
    Removing i2c.o(i.I2CSlaveIntStatusEx), (14 bytes).
    Removing i2c.o(i.I2CSlaveStatus), (6 bytes).
    Removing i2c.o(i.I2CTxFIFOConfigSet), (24 bytes).
    Removing i2c.o(i.I2CTxFIFOFlush), (14 bytes).
    Removing i2c.o(.constdata), (128 bytes).
    Removing interrupt.o(i.IntDisable), (100 bytes).
    Removing interrupt.o(i.IntEnable), (100 bytes).
    Removing interrupt.o(i.IntIsEnabled), (96 bytes).
    Removing interrupt.o(i.IntMasterDisable), (14 bytes).
    Removing interrupt.o(i.IntPendClear), (68 bytes).
    Removing interrupt.o(i.IntPendSet), (84 bytes).
    Removing interrupt.o(i.IntPriorityGet), (28 bytes).
    Removing interrupt.o(i.IntPriorityGroupingGet), (36 bytes).
    Removing interrupt.o(i.IntPriorityGroupingSet), (28 bytes).
    Removing interrupt.o(i.IntPriorityMaskGet), (4 bytes).
    Removing interrupt.o(i.IntPriorityMaskSet), (4 bytes).
    Removing interrupt.o(i.IntPrioritySet), (40 bytes).
    Removing interrupt.o(i.IntRegister), (52 bytes).
    Removing interrupt.o(i.IntTrigger), (12 bytes).
    Removing interrupt.o(i.IntUnregister), (20 bytes).
    Removing interrupt.o(i._IntDefaultHandler), (2 bytes).
    Removing interrupt.o(.constdata), (268 bytes).
    Removing interrupt.o(vtable), (620 bytes).
    Removing sysctl.o(i.SysCtlAltClkConfig), (12 bytes).
    Removing sysctl.o(i.SysCtlClockOutConfig), (20 bytes).
    Removing sysctl.o(i.SysCtlClockSet), (288 bytes).
    Removing sysctl.o(i.SysCtlDeepSleep), (32 bytes).
    Removing sysctl.o(i.SysCtlDeepSleepClockConfigSet), (112 bytes).
    Removing sysctl.o(i.SysCtlDeepSleepClockSet), (12 bytes).
    Removing sysctl.o(i.SysCtlDeepSleepPowerSet), (12 bytes).
    Removing sysctl.o(i.SysCtlFlashSectorSizeGet), (56 bytes).
    Removing sysctl.o(i.SysCtlFlashSizeGet), (56 bytes).
    Removing sysctl.o(i.SysCtlGPIOAHBDisable), (28 bytes).
    Removing sysctl.o(i.SysCtlGPIOAHBEnable), (24 bytes).
    Removing sysctl.o(i.SysCtlIntClear), (12 bytes).
    Removing sysctl.o(i.SysCtlIntDisable), (16 bytes).
    Removing sysctl.o(i.SysCtlIntEnable), (16 bytes).
    Removing sysctl.o(i.SysCtlIntRegister), (20 bytes).
    Removing sysctl.o(i.SysCtlIntStatus), (16 bytes).
    Removing sysctl.o(i.SysCtlIntUnregister), (18 bytes).
    Removing sysctl.o(i.SysCtlLDODeepSleepGet), (12 bytes).
    Removing sysctl.o(i.SysCtlLDODeepSleepSet), (12 bytes).
    Removing sysctl.o(i.SysCtlLDOSleepGet), (12 bytes).
    Removing sysctl.o(i.SysCtlLDOSleepSet), (12 bytes).
    Removing sysctl.o(i.SysCtlMOSCConfigSet), (12 bytes).
    Removing sysctl.o(i.SysCtlNMIClear), (16 bytes).
    Removing sysctl.o(i.SysCtlNMIStatus), (12 bytes).
    Removing sysctl.o(i.SysCtlPIOSCCalibrate), (76 bytes).
    Removing sysctl.o(i.SysCtlPWMClockGet), (24 bytes).
    Removing sysctl.o(i.SysCtlPWMClockSet), (20 bytes).
    Removing sysctl.o(i.SysCtlPeripheralClockGating), (68 bytes).
    Removing sysctl.o(i.SysCtlPeripheralDeepSleepDisable), (40 bytes).
    Removing sysctl.o(i.SysCtlPeripheralDeepSleepEnable), (40 bytes).
    Removing sysctl.o(i.SysCtlPeripheralDisable), (40 bytes).
    Removing sysctl.o(i.SysCtlPeripheralPowerOff), (40 bytes).
    Removing sysctl.o(i.SysCtlPeripheralPowerOn), (40 bytes).
    Removing sysctl.o(i.SysCtlPeripheralPresent), (44 bytes).
    Removing sysctl.o(i.SysCtlPeripheralReset), (60 bytes).
    Removing sysctl.o(i.SysCtlPeripheralSleepDisable), (40 bytes).
    Removing sysctl.o(i.SysCtlPeripheralSleepEnable), (40 bytes).
    Removing sysctl.o(i.SysCtlReset), (16 bytes).
    Removing sysctl.o(i.SysCtlResetBehaviorGet), (12 bytes).
    Removing sysctl.o(i.SysCtlResetBehaviorSet), (12 bytes).
    Removing sysctl.o(i.SysCtlResetCauseClear), (16 bytes).
    Removing sysctl.o(i.SysCtlResetCauseGet), (12 bytes).
    Removing sysctl.o(i.SysCtlSRAMSizeGet), (16 bytes).
    Removing sysctl.o(i.SysCtlSleep), (4 bytes).
    Removing sysctl.o(i.SysCtlSleepPowerSet), (12 bytes).
    Removing sysctl.o(i.SysCtlUSBPLLDisable), (16 bytes).
    Removing sysctl.o(i.SysCtlUSBPLLEnable), (16 bytes).
    Removing sysctl.o(i.SysCtlVCOGet), (120 bytes).
    Removing sysctl.o(i.SysCtlVoltageEventClear), (16 bytes).
    Removing sysctl.o(i.SysCtlVoltageEventConfig), (12 bytes).
    Removing sysctl.o(i.SysCtlVoltageEventStatus), (12 bytes).
    Removing systick.o(i.SysTickDisable), (14 bytes).
    Removing systick.o(i.SysTickIntDisable), (14 bytes).
    Removing systick.o(i.SysTickIntRegister), (24 bytes).
    Removing systick.o(i.SysTickIntUnregister), (18 bytes).
    Removing systick.o(i.SysTickPeriodGet), (10 bytes).
    Removing systick.o(i.SysTickValueGet), (8 bytes).

172 unused section(s) (total 5836 bytes) removed from the image.

==============================================================================

Image Symbol Table

    Local Symbols

    Symbol Name                              Value     Ov Type        Size  Object(Section)

    RESET                                    0x00000000   Section      512  startup_tm4c129.o(RESET)
    ../clib/angel/boardlib.s                 0x00000000   Number         0  boardinit1.o ABSOLUTE
    ../clib/angel/boardlib.s                 0x00000000   Number         0  boardinit2.o ABSOLUTE
    ../clib/angel/boardlib.s                 0x00000000   Number         0  boardinit3.o ABSOLUTE
    ../clib/angel/boardlib.s                 0x00000000   Number         0  boardshut.o ABSOLUTE
    ../clib/angel/handlers.s                 0x00000000   Number         0  __scatter_zi.o ABSOLUTE
    ../clib/angel/handlers.s                 0x00000000   Number         0  __scatter_copy.o ABSOLUTE
    ../clib/angel/kernel.s                   0x00000000   Number         0  __rtentry.o ABSOLUTE
    ../clib/angel/kernel.s                   0x00000000   Number         0  rtexit.o ABSOLUTE
    ../clib/angel/kernel.s                   0x00000000   Number         0  __rtentry4.o ABSOLUTE
    ../clib/angel/kernel.s                   0x00000000   Number         0  rtexit2.o ABSOLUTE
    ../clib/angel/kernel.s                   0x00000000   Number         0  __rtentry2.o ABSOLUTE
    ../clib/angel/rt.s                       0x00000000   Number         0  rt_raise.o ABSOLUTE
    ../clib/angel/scatter.s                  0x00000000   Number         0  __scatter.o ABSOLUTE
    ../clib/angel/startup.s                  0x00000000   Number         0  __main.o ABSOLUTE
    ../clib/angel/sys.s                      0x00000000   Number         0  indicate_semi.o ABSOLUTE
    ../clib/angel/sys.s                      0x00000000   Number         0  sys_stackheap_outer.o ABSOLUTE
    ../clib/angel/sys.s                      0x00000000   Number         0  use_no_semi.o ABSOLUTE
    ../clib/angel/sys.s                      0x00000000   Number         0  libspace.o ABSOLUTE
    ../clib/angel/sysapp.c                   0x00000000   Number         0  sys_wrch.o ABSOLUTE
    ../clib/angel/sysapp.c                   0x00000000   Number         0  sys_exit.o ABSOLUTE
    ../clib/angel/sysapp.c                   0x00000000   Number         0  sys_command.o ABSOLUTE
    ../clib/armsys.c                         0x00000000   Number         0  no_argv.o ABSOLUTE
    ../clib/armsys.c                         0x00000000   Number         0  argv_veneer.o ABSOLUTE
    ../clib/armsys.c                         0x00000000   Number         0  _get_argv_nomalloc.o ABSOLUTE
    ../clib/armsys.c                         0x00000000   Number         0  argv_veneer.o ABSOLUTE
    ../clib/heapalloc.c                      0x00000000   Number         0  hrguard.o ABSOLUTE
    ../clib/heapaux.c                        0x00000000   Number         0  heapauxi.o ABSOLUTE
    ../clib/libinit.s                        0x00000000   Number         0  libinit.o ABSOLUTE
    ../clib/libinit.s                        0x00000000   Number         0  libshutdown.o ABSOLUTE
    ../clib/libinit.s                        0x00000000   Number         0  libinit2.o ABSOLUTE
    ../clib/libinit.s                        0x00000000   Number         0  libshutdown2.o ABSOLUTE
    ../clib/signal.c                         0x00000000   Number         0  __raise.o ABSOLUTE
    ../clib/signal.c                         0x00000000   Number         0  defsig_rtmem_inner.o ABSOLUTE
    ../clib/signal.c                         0x00000000   Number         0  defsig_rtmem_formal.o ABSOLUTE
    ../clib/signal.c                         0x00000000   Number         0  defsig_rtmem_outer.o ABSOLUTE
    ../clib/signal.c                         0x00000000   Number         0  defsig_exit.o ABSOLUTE
    ../clib/signal.c                         0x00000000   Number         0  defsig_fpe_inner.o ABSOLUTE
    ../clib/signal.c                         0x00000000   Number         0  defsig_rtred_inner.o ABSOLUTE
    ../clib/signal.c                         0x00000000   Number         0  defsig_stak_inner.o ABSOLUTE
    ../clib/signal.c                         0x00000000   Number         0  defsig_pvfn_inner.o ABSOLUTE
    ../clib/signal.c                         0x00000000   Number         0  defsig_cppl_inner.o ABSOLUTE
    ../clib/signal.c                         0x00000000   Number         0  defsig_segv_inner.o ABSOLUTE
    ../clib/signal.c                         0x00000000   Number         0  defsig_other.o ABSOLUTE
    ../clib/signal.c                         0x00000000   Number         0  defsig_abrt_inner.o ABSOLUTE
    ../clib/signal.c                         0x00000000   Number         0  defsig_general.o ABSOLUTE
    ../clib/signal.s                         0x00000000   Number         0  defsig.o ABSOLUTE
    ../clib/stdlib.c                         0x00000000   Number         0  exit.o ABSOLUTE
    ../fplib/fpinit.s                        0x00000000   Number         0  fpinit.o ABSOLUTE
    RTE/Device/TM4C1294NCPDT/startup_TM4C129.s 0x00000000   Number         0  startup_tm4c129.o ABSOLUTE
    RTE/Device/TM4C1294NCPDT/system_TM4C129.c 0x00000000   Number         0  system_tm4c129.o ABSOLUTE
    RTE\Device\TM4C1294NCPDT\system_TM4C129.c 0x00000000   Number         0  system_tm4c129.o ABSOLUTE
    callback.c                               0x00000000   Number         0  callback.o ABSOLUTE
    control_loop.c                           0x00000000   Number         0  control_loop.o ABSOLUTE
    cpu.c                                    0x00000000   Number         0  cpu.o ABSOLUTE
    cpu.c                                    0x00000000   Number         0  cpu.o ABSOLUTE
    dc.s                                     0x00000000   Number         0  dc.o ABSOLUTE
    flash_led.c                              0x00000000   Number         0  flash_led.o ABSOLUTE
    gpio.c                                   0x00000000   Number         0  gpio.o ABSOLUTE
    i2c.c                                    0x00000000   Number         0  i2c.o ABSOLUTE
    interrupt.c                              0x00000000   Number         0  interrupt.o ABSOLUTE
    main.c                                   0x00000000   Number         0  main.o ABSOLUTE
    s800_i2c.c                               0x00000000   Number         0  s800_i2c.o ABSOLUTE
    sysctl.c                                 0x00000000   Number         0  sysctl.o ABSOLUTE
    sysctl.c                                 0x00000000   Number         0  sysctl.o ABSOLUTE
    systick.c                                0x00000000   Number         0  systick.o ABSOLUTE
    !!!main                                  0x00000200   Section        8  __main.o(!!!main)
    !!!scatter                               0x00000208   Section       52  __scatter.o(!!!scatter)
    !!handler_copy                           0x0000023c   Section       26  __scatter_copy.o(!!handler_copy)
    !!handler_zi                             0x00000258   Section       28  __scatter_zi.o(!!handler_zi)
    .ARM.Collect$$libinit$$00000000          0x00000274   Section        2  libinit.o(.ARM.Collect$$libinit$$00000000)
    .ARM.Collect$$libinit$$00000001          0x00000276   Section        4  libinit2.o(.ARM.Collect$$libinit$$00000001)
    .ARM.Collect$$libinit$$00000004          0x0000027a   Section        0  libinit2.o(.ARM.Collect$$libinit$$00000004)
    .ARM.Collect$$libinit$$0000000A          0x0000027a   Section        0  libinit2.o(.ARM.Collect$$libinit$$0000000A)
    .ARM.Collect$$libinit$$0000000C          0x0000027a   Section        0  libinit2.o(.ARM.Collect$$libinit$$0000000C)
    .ARM.Collect$$libinit$$0000000E          0x0000027a   Section        0  libinit2.o(.ARM.Collect$$libinit$$0000000E)
    .ARM.Collect$$libinit$$00000011          0x0000027a   Section        0  libinit2.o(.ARM.Collect$$libinit$$00000011)
    .ARM.Collect$$libinit$$00000013          0x0000027a   Section        0  libinit2.o(.ARM.Collect$$libinit$$00000013)
    .ARM.Collect$$libinit$$00000015          0x0000027a   Section        0  libinit2.o(.ARM.Collect$$libinit$$00000015)
    .ARM.Collect$$libinit$$00000017          0x0000027a   Section        0  libinit2.o(.ARM.Collect$$libinit$$00000017)
    .ARM.Collect$$libinit$$00000019          0x0000027a   Section        0  libinit2.o(.ARM.Collect$$libinit$$00000019)
    .ARM.Collect$$libinit$$0000001B          0x0000027a   Section        0  libinit2.o(.ARM.Collect$$libinit$$0000001B)
    .ARM.Collect$$libinit$$0000001D          0x0000027a   Section        0  libinit2.o(.ARM.Collect$$libinit$$0000001D)
    .ARM.Collect$$libinit$$0000001F          0x0000027a   Section        0  libinit2.o(.ARM.Collect$$libinit$$0000001F)
    .ARM.Collect$$libinit$$00000021          0x0000027a   Section        0  libinit2.o(.ARM.Collect$$libinit$$00000021)
    .ARM.Collect$$libinit$$00000023          0x0000027a   Section        0  libinit2.o(.ARM.Collect$$libinit$$00000023)
    .ARM.Collect$$libinit$$00000025          0x0000027a   Section        0  libinit2.o(.ARM.Collect$$libinit$$00000025)
    .ARM.Collect$$libinit$$0000002C          0x0000027a   Section        0  libinit2.o(.ARM.Collect$$libinit$$0000002C)
    .ARM.Collect$$libinit$$0000002E          0x0000027a   Section        0  libinit2.o(.ARM.Collect$$libinit$$0000002E)
    .ARM.Collect$$libinit$$00000030          0x0000027a   Section        0  libinit2.o(.ARM.Collect$$libinit$$00000030)
    .ARM.Collect$$libinit$$00000032          0x0000027a   Section        0  libinit2.o(.ARM.Collect$$libinit$$00000032)
    .ARM.Collect$$libinit$$00000033          0x0000027a   Section        2  libinit2.o(.ARM.Collect$$libinit$$00000033)
    .ARM.Collect$$libshutdown$$00000000      0x0000027c   Section        2  libshutdown.o(.ARM.Collect$$libshutdown$$00000000)
    .ARM.Collect$$libshutdown$$00000002      0x0000027e   Section        0  libshutdown2.o(.ARM.Collect$$libshutdown$$00000002)
    .ARM.Collect$$libshutdown$$00000004      0x0000027e   Section        0  libshutdown2.o(.ARM.Collect$$libshutdown$$00000004)
    .ARM.Collect$$libshutdown$$00000007      0x0000027e   Section        0  libshutdown2.o(.ARM.Collect$$libshutdown$$00000007)
    .ARM.Collect$$libshutdown$$0000000A      0x0000027e   Section        0  libshutdown2.o(.ARM.Collect$$libshutdown$$0000000A)
    .ARM.Collect$$libshutdown$$0000000C      0x0000027e   Section        0  libshutdown2.o(.ARM.Collect$$libshutdown$$0000000C)
    .ARM.Collect$$libshutdown$$0000000F      0x0000027e   Section        0  libshutdown2.o(.ARM.Collect$$libshutdown$$0000000F)
    .ARM.Collect$$libshutdown$$00000010      0x0000027e   Section        2  libshutdown2.o(.ARM.Collect$$libshutdown$$00000010)
    .ARM.Collect$$rtentry$$00000000          0x00000280   Section        0  __rtentry.o(.ARM.Collect$$rtentry$$00000000)
    .ARM.Collect$$rtentry$$00000002          0x00000280   Section        0  __rtentry2.o(.ARM.Collect$$rtentry$$00000002)
    .ARM.Collect$$rtentry$$00000004          0x00000280   Section        6  __rtentry4.o(.ARM.Collect$$rtentry$$00000004)
    .ARM.Collect$$rtentry$$00000009          0x00000286   Section        0  __rtentry2.o(.ARM.Collect$$rtentry$$00000009)
    .ARM.Collect$$rtentry$$0000000A          0x00000286   Section        4  __rtentry2.o(.ARM.Collect$$rtentry$$0000000A)
    .ARM.Collect$$rtentry$$0000000C          0x0000028a   Section        0  __rtentry2.o(.ARM.Collect$$rtentry$$0000000C)
    .ARM.Collect$$rtentry$$0000000D          0x0000028a   Section        8  __rtentry2.o(.ARM.Collect$$rtentry$$0000000D)
    .ARM.Collect$$rtexit$$00000000           0x00000292   Section        2  rtexit.o(.ARM.Collect$$rtexit$$00000000)
    .ARM.Collect$$rtexit$$00000002           0x00000294   Section        0  rtexit2.o(.ARM.Collect$$rtexit$$00000002)
    .ARM.Collect$$rtexit$$00000003           0x00000294   Section        4  rtexit2.o(.ARM.Collect$$rtexit$$00000003)
    .ARM.Collect$$rtexit$$00000004           0x00000298   Section        6  rtexit2.o(.ARM.Collect$$rtexit$$00000004)
    .emb_text                                0x000002a0   Section        6  sysctl.o(.emb_text)
    $v0                                      0x000002a0   Number         0  sysctl.o(.emb_text)
    .emb_text                                0x000002a8   Section       38  cpu.o(.emb_text)
    $v0                                      0x000002a8   Number         0  cpu.o(.emb_text)
    .text                                    0x000002d0   Section      300  startup_tm4c129.o(.text)
    $v0                                      0x000002d0   Number         0  startup_tm4c129.o(.text)
    .text                                    0x000003fc   Section        0  heapauxi.o(.text)
    .text                                    0x00000402   Section       74  sys_stackheap_outer.o(.text)
    .text                                    0x0000044c   Section        0  exit.o(.text)
    .text                                    0x00000460   Section        8  libspace.o(.text)
    .text                                    0x00000468   Section        0  sys_exit.o(.text)
    .text                                    0x00000474   Section        2  use_no_semi.o(.text)
    .text                                    0x00000476   Section        0  indicate_semi.o(.text)
    i.DelayMs                                0x00000476   Section        0  main.o(i.DelayMs)
    i.GPIODirModeSet                         0x00000490   Section        0  gpio.o(i.GPIODirModeSet)
    i.GPIOPadConfigSet                       0x000004b8   Section        0  gpio.o(i.GPIOPadConfigSet)
    i.GPIOPinConfigure                       0x000005f0   Section        0  gpio.o(i.GPIOPinConfigure)
    i.GPIOPinRead                            0x00000634   Section        0  gpio.o(i.GPIOPinRead)
    i.GPIOPinTypeGPIOInput                   0x0000063a   Section        0  gpio.o(i.GPIOPinTypeGPIOInput)
    i.GPIOPinTypeGPIOOutput                  0x00000656   Section        0  gpio.o(i.GPIOPinTypeGPIOOutput)
    i.GPIOPinTypeI2C                         0x00000672   Section        0  gpio.o(i.GPIOPinTypeI2C)
    i.GPIOPinTypeI2CSCL                      0x0000068e   Section        0  gpio.o(i.GPIOPinTypeI2CSCL)
    i.GPIOPinWrite                           0x000006aa   Section        0  gpio.o(i.GPIOPinWrite)
    i.I2C0_WriteByte                         0x000006b0   Section        0  s800_i2c.o(i.I2C0_WriteByte)
    i.I2CMasterBusy                          0x0000071c   Section        0  i2c.o(i.I2CMasterBusy)
    i.I2CMasterControl                       0x00000728   Section        0  i2c.o(i.I2CMasterControl)
    i.I2CMasterDataPut                       0x0000072c   Section        0  i2c.o(i.I2CMasterDataPut)
    i.I2CMasterEnable                        0x00000730   Section        0  i2c.o(i.I2CMasterEnable)
    i.I2CMasterErr                           0x0000073a   Section        0  i2c.o(i.I2CMasterErr)
    i.I2CMasterInitExpClk                    0x00000754   Section        0  i2c.o(i.I2CMasterInitExpClk)
    i.I2CMasterSlaveAddrSet                  0x000007a8   Section        0  i2c.o(i.I2CMasterSlaveAddrSet)
    i.IntMasterEnable                        0x000007b0   Section        0  interrupt.o(i.IntMasterEnable)
    i.MoveWindow                             0x000007c0   Section        0  flash_led.o(i.MoveWindow)
    i.S800_GPIO_Init                         0x000007f8   Section        0  main.o(i.S800_GPIO_Init)
    i.S800_I2C0_Init                         0x00000850   Section        0  s800_i2c.o(i.S800_I2C0_Init)
    i.S800_SysTick_Init                      0x000008e4   Section        0  main.o(i.S800_SysTick_Init)
    i.Seg7Code_FromAscii                     0x0000090c   Section        0  flash_led.o(i.Seg7Code_FromAscii)
    i.SetScrollSpeed                         0x000009a0   Section        0  flash_led.o(i.SetScrollSpeed)
    i.SysCtlClockFreqSet                     0x000009dc   Section        0  sysctl.o(i.SysCtlClockFreqSet)
    i.SysCtlClockGet                         0x00000cc0   Section        0  sysctl.o(i.SysCtlClockGet)
    i.SysCtlPeripheralEnable                 0x00000e14   Section        0  sysctl.o(i.SysCtlPeripheralEnable)
    i.SysCtlPeripheralReady                  0x00000e3c   Section        0  sysctl.o(i.SysCtlPeripheralReady)
    i.SysTickEnable                          0x00000e68   Section        0  systick.o(i.SysTickEnable)
    i.SysTickIntEnable                       0x00000e76   Section        0  systick.o(i.SysTickIntEnable)
    i.SysTickPeriodSet                       0x00000e84   Section        0  systick.o(i.SysTickPeriodSet)
    i.SysTick_Handler                        0x00000e90   Section        0  callback.o(i.SysTick_Handler)
    i.SystemClock_PLL                        0x00000f90   Section        0  main.o(i.SystemClock_PLL)
    i.SystemInit                             0x00000fa0   Section        0  system_tm4c129.o(i.SystemInit)
    i.is_key_Pressed                         0x00000fc0   Section        0  flash_led.o(i.is_key_Pressed)
    i.main                                   0x00000ffc   Section        0  main.o(i.main)
    i.main_control_loop                      0x00001028   Section        0  control_loop.o(i.main_control_loop)
    x$fpl$fpinit                             0x00001090   Section       10  fpinit.o(x$fpl$fpinit)
    $v0                                      0x00001090   Number         0  fpinit.o(x$fpl$fpinit)
    .constdata                               0x0000109c   Section      552  gpio.o(.constdata)
    g_ppui32GPIOIntMapBlizzard               0x0000109c   Data         192  gpio.o(.constdata)
    g_ppui32GPIOIntMapSnowflake              0x0000115c   Data         216  gpio.o(.constdata)
    g_pui32GPIOBaseAddrs                     0x00001234   Data         144  gpio.o(.constdata)
    .constdata                               0x000012c4   Section      596  sysctl.o(.constdata)
    g_pui32VCOFrequencies                    0x000012c4   Data           8  sysctl.o(.constdata)
    g_pui32Xtals                             0x000012cc   Data         108  sysctl.o(.constdata)
    g_pppui32XTALtoVCO                       0x00001338   Data         432  sysctl.o(.constdata)
    g_sXTALtoMEMTIM                          0x000014e8   Data          48  sysctl.o(.constdata)
    .data                                    0x20000000   Section        1  main.o(.data)
    .data                                    0x20000004   Section        4  main.o(.data)
    .data                                    0x20000008   Section        1  flash_led.o(.data)
    .data                                    0x20000009   Section       23  flash_led.o(.data)
    .data                                    0x20000020   Section       16  flash_led.o(.data)
    .data                                    0x20000030   Section        1  flash_led.o(.data)
    .data                                    0x20000034   Section        4  system_tm4c129.o(.data)
    .bss                                     0x20000038   Section       96  libspace.o(.bss)
    HEAP                                     0x20000098   Section        0  startup_tm4c129.o(HEAP)
    STACK                                    0x20000098   Section      512  startup_tm4c129.o(STACK)
    Heap_Mem                                 0x20000098   Data           0  startup_tm4c129.o(HEAP)
    Stack_Mem                                0x20000098   Data         512  startup_tm4c129.o(STACK)
    __initial_sp                             0x20000298   Data           0  startup_tm4c129.o(STACK)

    Global Symbols

    Symbol Name                              Value     Ov Type        Size  Object(Section)

    BuildAttributes$$THM_ISAv4$E$P$D$K$B$S$7EM$VFPi3$EXTD16$VFPS$VFMA$PE$A:L22UL41UL21$X:L11$S22US41US21$IEEE1$IW$USESV6$~STKCKD$USESV7$~SHL$OTIME$ROPI$EBA8$UX$STANDARDLIB$REQ8$PRES8$EABIv2 0x00000000   Number         0  anon$$obj.o ABSOLUTE
    __ARM_use_no_argv                        0x00000000   Number         0  main.o ABSOLUTE
    __Vectors                                0x00000000   Data           4  startup_tm4c129.o(RESET)
    __ARM_exceptions_init                     - Undefined Weak Reference
    __alloca_initialize                       - Undefined Weak Reference
    __arm_preinit_                            - Undefined Weak Reference
    __cpp_initialize__aeabi_                  - Undefined Weak Reference
    __cxa_finalize                            - Undefined Weak Reference
    __rt_locale                               - Undefined Weak Reference
    __sigvec_lookup                           - Undefined Weak Reference
    _atexit_init                              - Undefined Weak Reference
    _call_atexit_fns                          - Undefined Weak Reference
    _clock_init                               - Undefined Weak Reference
    _fp_trap_init                             - Undefined Weak Reference
    _fp_trap_shutdown                         - Undefined Weak Reference
    _get_lc_collate                           - Undefined Weak Reference
    _get_lc_ctype                             - Undefined Weak Reference
    _get_lc_monetary                          - Undefined Weak Reference
    _get_lc_numeric                           - Undefined Weak Reference
    _get_lc_time                              - Undefined Weak Reference
    _getenv_init                              - Undefined Weak Reference
    _handle_redirection                       - Undefined Weak Reference
    _init_alloc                               - Undefined Weak Reference
    _init_user_alloc                          - Undefined Weak Reference
    _initio                                   - Undefined Weak Reference
    _rand_init                                - Undefined Weak Reference
    _signal_finish                            - Undefined Weak Reference
    _signal_init                              - Undefined Weak Reference
    _terminate_alloc                          - Undefined Weak Reference
    _terminate_user_alloc                     - Undefined Weak Reference
    _terminateio                              - Undefined Weak Reference
    __Vectors_End                            0x00000200   Data           0  startup_tm4c129.o(RESET)
    __Vectors_Size                           0x00000200   Number         0  startup_tm4c129.o ABSOLUTE
    __main                                   0x00000201   Thumb Code     8  __main.o(!!!main)
    __scatterload                            0x00000209   Thumb Code     0  __scatter.o(!!!scatter)
    __scatterload_rt2                        0x00000209   Thumb Code    44  __scatter.o(!!!scatter)
    __scatterload_rt2_thumb_only             0x00000209   Thumb Code     0  __scatter.o(!!!scatter)
    __scatterload_null                       0x00000217   Thumb Code     0  __scatter.o(!!!scatter)
    __scatterload_copy                       0x0000023d   Thumb Code    26  __scatter_copy.o(!!handler_copy)
    __scatterload_zeroinit                   0x00000259   Thumb Code    28  __scatter_zi.o(!!handler_zi)
    __rt_lib_init                            0x00000275   Thumb Code     0  libinit.o(.ARM.Collect$$libinit$$00000000)
    __rt_lib_init_fp_1                       0x00000277   Thumb Code     0  libinit2.o(.ARM.Collect$$libinit$$00000001)
    __rt_lib_init_alloca_1                   0x0000027b   Thumb Code     0  libinit2.o(.ARM.Collect$$libinit$$0000002E)
    __rt_lib_init_argv_1                     0x0000027b   Thumb Code     0  libinit2.o(.ARM.Collect$$libinit$$0000002C)
    __rt_lib_init_atexit_1                   0x0000027b   Thumb Code     0  libinit2.o(.ARM.Collect$$libinit$$0000001B)
    __rt_lib_init_clock_1                    0x0000027b   Thumb Code     0  libinit2.o(.ARM.Collect$$libinit$$00000021)
    __rt_lib_init_cpp_1                      0x0000027b   Thumb Code     0  libinit2.o(.ARM.Collect$$libinit$$00000032)
    __rt_lib_init_exceptions_1               0x0000027b   Thumb Code     0  libinit2.o(.ARM.Collect$$libinit$$00000030)
    __rt_lib_init_fp_trap_1                  0x0000027b   Thumb Code     0  libinit2.o(.ARM.Collect$$libinit$$0000001F)
    __rt_lib_init_getenv_1                   0x0000027b   Thumb Code     0  libinit2.o(.ARM.Collect$$libinit$$00000023)
    __rt_lib_init_heap_1                     0x0000027b   Thumb Code     0  libinit2.o(.ARM.Collect$$libinit$$0000000A)
    __rt_lib_init_lc_collate_1               0x0000027b   Thumb Code     0  libinit2.o(.ARM.Collect$$libinit$$00000011)
    __rt_lib_init_lc_ctype_1                 0x0000027b   Thumb Code     0  libinit2.o(.ARM.Collect$$libinit$$00000013)
    __rt_lib_init_lc_monetary_1              0x0000027b   Thumb Code     0  libinit2.o(.ARM.Collect$$libinit$$00000015)
    __rt_lib_init_lc_numeric_1               0x0000027b   Thumb Code     0  libinit2.o(.ARM.Collect$$libinit$$00000017)
    __rt_lib_init_lc_time_1                  0x0000027b   Thumb Code     0  libinit2.o(.ARM.Collect$$libinit$$00000019)
    __rt_lib_init_preinit_1                  0x0000027b   Thumb Code     0  libinit2.o(.ARM.Collect$$libinit$$00000004)
    __rt_lib_init_rand_1                     0x0000027b   Thumb Code     0  libinit2.o(.ARM.Collect$$libinit$$0000000E)
    __rt_lib_init_return                     0x0000027b   Thumb Code     0  libinit2.o(.ARM.Collect$$libinit$$00000033)
    __rt_lib_init_signal_1                   0x0000027b   Thumb Code     0  libinit2.o(.ARM.Collect$$libinit$$0000001D)
    __rt_lib_init_stdio_1                    0x0000027b   Thumb Code     0  libinit2.o(.ARM.Collect$$libinit$$00000025)
    __rt_lib_init_user_alloc_1               0x0000027b   Thumb Code     0  libinit2.o(.ARM.Collect$$libinit$$0000000C)
    __rt_lib_shutdown                        0x0000027d   Thumb Code     0  libshutdown.o(.ARM.Collect$$libshutdown$$00000000)
    __rt_lib_shutdown_cpp_1                  0x0000027f   Thumb Code     0  libshutdown2.o(.ARM.Collect$$libshutdown$$00000002)
    __rt_lib_shutdown_fp_trap_1              0x0000027f   Thumb Code     0  libshutdown2.o(.ARM.Collect$$libshutdown$$00000007)
    __rt_lib_shutdown_heap_1                 0x0000027f   Thumb Code     0  libshutdown2.o(.ARM.Collect$$libshutdown$$0000000F)
    __rt_lib_shutdown_return                 0x0000027f   Thumb Code     0  libshutdown2.o(.ARM.Collect$$libshutdown$$00000010)
    __rt_lib_shutdown_signal_1               0x0000027f   Thumb Code     0  libshutdown2.o(.ARM.Collect$$libshutdown$$0000000A)
    __rt_lib_shutdown_stdio_1                0x0000027f   Thumb Code     0  libshutdown2.o(.ARM.Collect$$libshutdown$$00000004)
    __rt_lib_shutdown_user_alloc_1           0x0000027f   Thumb Code     0  libshutdown2.o(.ARM.Collect$$libshutdown$$0000000C)
    __rt_entry                               0x00000281   Thumb Code     0  __rtentry.o(.ARM.Collect$$rtentry$$00000000)
    __rt_entry_presh_1                       0x00000281   Thumb Code     0  __rtentry2.o(.ARM.Collect$$rtentry$$00000002)
    __rt_entry_sh                            0x00000281   Thumb Code     0  __rtentry4.o(.ARM.Collect$$rtentry$$00000004)
    __rt_entry_li                            0x00000287   Thumb Code     0  __rtentry2.o(.ARM.Collect$$rtentry$$0000000A)
    __rt_entry_postsh_1                      0x00000287   Thumb Code     0  __rtentry2.o(.ARM.Collect$$rtentry$$00000009)
    __rt_entry_main                          0x0000028b   Thumb Code     0  __rtentry2.o(.ARM.Collect$$rtentry$$0000000D)
    __rt_entry_postli_1                      0x0000028b   Thumb Code     0  __rtentry2.o(.ARM.Collect$$rtentry$$0000000C)
    __rt_exit                                0x00000293   Thumb Code     0  rtexit.o(.ARM.Collect$$rtexit$$00000000)
    __rt_exit_ls                             0x00000295   Thumb Code     0  rtexit2.o(.ARM.Collect$$rtexit$$00000003)
    __rt_exit_prels_1                        0x00000295   Thumb Code     0  rtexit2.o(.ARM.Collect$$rtexit$$00000002)
    __rt_exit_exit                           0x00000299   Thumb Code     0  rtexit2.o(.ARM.Collect$$rtexit$$00000004)
    SysCtlDelay                              0x000002a1   Thumb Code     6  sysctl.o(.emb_text)
    CPUcpsid                                 0x000002a9   Thumb Code     8  cpu.o(.emb_text)
    CPUprimask                               0x000002b1   Thumb Code     6  cpu.o(.emb_text)
    CPUcpsie                                 0x000002b7   Thumb Code     8  cpu.o(.emb_text)
    CPUwfi                                   0x000002bf   Thumb Code     4  cpu.o(.emb_text)
    CPUbasepriSet                            0x000002c3   Thumb Code     6  cpu.o(.emb_text)
    CPUbasepriGet                            0x000002c9   Thumb Code     6  cpu.o(.emb_text)
    Reset_Handler                            0x000002d1   Thumb Code     8  startup_tm4c129.o(.text)
    NMI_Handler                              0x000002d9   Thumb Code     2  startup_tm4c129.o(.text)
    HardFault_Handler                        0x000002db   Thumb Code     2  startup_tm4c129.o(.text)
    MemManage_Handler                        0x000002dd   Thumb Code     2  startup_tm4c129.o(.text)
    BusFault_Handler                         0x000002df   Thumb Code     2  startup_tm4c129.o(.text)
    UsageFault_Handler                       0x000002e1   Thumb Code     2  startup_tm4c129.o(.text)
    SVC_Handler                              0x000002e3   Thumb Code     2  startup_tm4c129.o(.text)
    DebugMon_Handler                         0x000002e5   Thumb Code     2  startup_tm4c129.o(.text)
    PendSV_Handler                           0x000002e7   Thumb Code     2  startup_tm4c129.o(.text)
    GPIOA_Handler                            0x000002eb   Thumb Code     2  startup_tm4c129.o(.text)
    GPIOB_Handler                            0x000002ed   Thumb Code     2  startup_tm4c129.o(.text)
    GPIOC_Handler                            0x000002ef   Thumb Code     2  startup_tm4c129.o(.text)
    GPIOD_Handler                            0x000002f1   Thumb Code     2  startup_tm4c129.o(.text)
    GPIOE_Handler                            0x000002f3   Thumb Code     2  startup_tm4c129.o(.text)
    UART0_Handler                            0x000002f5   Thumb Code     2  startup_tm4c129.o(.text)
    UART1_Handler                            0x000002f7   Thumb Code     2  startup_tm4c129.o(.text)
    SSI0_Handler                             0x000002f9   Thumb Code     2  startup_tm4c129.o(.text)
    I2C0_Handler                             0x000002fb   Thumb Code     2  startup_tm4c129.o(.text)
    PMW0_FAULT_Handler                       0x000002fd   Thumb Code     2  startup_tm4c129.o(.text)
    PWM0_0_Handler                           0x000002ff   Thumb Code     2  startup_tm4c129.o(.text)
    PWM0_1_Handler                           0x00000301   Thumb Code     2  startup_tm4c129.o(.text)
    PWM0_2_Handler                           0x00000303   Thumb Code     2  startup_tm4c129.o(.text)
    QEI0_Handler                             0x00000305   Thumb Code     2  startup_tm4c129.o(.text)
    ADC0SS0_Handler                          0x00000307   Thumb Code     2  startup_tm4c129.o(.text)
    ADC0SS1_Handler                          0x00000309   Thumb Code     2  startup_tm4c129.o(.text)
    ADC0SS2_Handler                          0x0000030b   Thumb Code     2  startup_tm4c129.o(.text)
    ADC0SS3_Handler                          0x0000030d   Thumb Code     2  startup_tm4c129.o(.text)
    WDT0_Handler                             0x0000030f   Thumb Code     2  startup_tm4c129.o(.text)
    TIMER0A_Handler                          0x00000311   Thumb Code     2  startup_tm4c129.o(.text)
    TIMER0B_Handler                          0x00000313   Thumb Code     2  startup_tm4c129.o(.text)
    TIMER1A_Handler                          0x00000315   Thumb Code     2  startup_tm4c129.o(.text)
    TIMER1B_Handler                          0x00000317   Thumb Code     2  startup_tm4c129.o(.text)
    TIMER2A_Handler                          0x00000319   Thumb Code     2  startup_tm4c129.o(.text)
    TIMER2B_Handler                          0x0000031b   Thumb Code     2  startup_tm4c129.o(.text)
    COMP0_Handler                            0x0000031d   Thumb Code     2  startup_tm4c129.o(.text)
    COMP1_Handler                            0x0000031f   Thumb Code     2  startup_tm4c129.o(.text)
    COMP2_Handler                            0x00000321   Thumb Code     2  startup_tm4c129.o(.text)
    SYSCTL_Handler                           0x00000323   Thumb Code     2  startup_tm4c129.o(.text)
    FLASH_Handler                            0x00000325   Thumb Code     2  startup_tm4c129.o(.text)
    GPIOF_Handler                            0x00000327   Thumb Code     2  startup_tm4c129.o(.text)
    GPIOG_Handler                            0x00000329   Thumb Code     2  startup_tm4c129.o(.text)
    GPIOH_Handler                            0x0000032b   Thumb Code     2  startup_tm4c129.o(.text)
    UART2_Handler                            0x0000032d   Thumb Code     2  startup_tm4c129.o(.text)
    SSI1_Handler                             0x0000032f   Thumb Code     2  startup_tm4c129.o(.text)
    TIMER3A_Handler                          0x00000331   Thumb Code     2  startup_tm4c129.o(.text)
    TIMER3B_Handler                          0x00000333   Thumb Code     2  startup_tm4c129.o(.text)
    I2C1_Handler                             0x00000335   Thumb Code     2  startup_tm4c129.o(.text)
    CAN0_Handler                             0x00000337   Thumb Code     2  startup_tm4c129.o(.text)
    CAN1_Handler                             0x00000339   Thumb Code     2  startup_tm4c129.o(.text)
    ETH_Handler                              0x0000033b   Thumb Code     2  startup_tm4c129.o(.text)
    HIB_Handler                              0x0000033d   Thumb Code     2  startup_tm4c129.o(.text)
    USB0_Handler                             0x0000033f   Thumb Code     2  startup_tm4c129.o(.text)
    PWM0_3_Handler                           0x00000341   Thumb Code     2  startup_tm4c129.o(.text)
    UDMA_Handler                             0x00000343   Thumb Code     2  startup_tm4c129.o(.text)
    UDMAERR_Handler                          0x00000345   Thumb Code     2  startup_tm4c129.o(.text)
    ADC1SS0_Handler                          0x00000347   Thumb Code     2  startup_tm4c129.o(.text)
    ADC1SS1_Handler                          0x00000349   Thumb Code     2  startup_tm4c129.o(.text)
    ADC1SS2_Handler                          0x0000034b   Thumb Code     2  startup_tm4c129.o(.text)
    ADC1SS3_Handler                          0x0000034d   Thumb Code     2  startup_tm4c129.o(.text)
    EBI0_Handler                             0x0000034f   Thumb Code     2  startup_tm4c129.o(.text)
    GPIOJ_Handler                            0x00000351   Thumb Code     2  startup_tm4c129.o(.text)
    GPIOK_Handler                            0x00000353   Thumb Code     2  startup_tm4c129.o(.text)
    GPIOL_Handler                            0x00000355   Thumb Code     2  startup_tm4c129.o(.text)
    SSI2_Handler                             0x00000357   Thumb Code     2  startup_tm4c129.o(.text)
    SSI3_Handler                             0x00000359   Thumb Code     2  startup_tm4c129.o(.text)
    UART3_Handler                            0x0000035b   Thumb Code     2  startup_tm4c129.o(.text)
    UART4_Handler                            0x0000035d   Thumb Code     2  startup_tm4c129.o(.text)
    UART5_Handler                            0x0000035f   Thumb Code     2  startup_tm4c129.o(.text)
    UART6_Handler                            0x00000361   Thumb Code     2  startup_tm4c129.o(.text)
    UART7_Handler                            0x00000363   Thumb Code     2  startup_tm4c129.o(.text)
    I2C2_Handler                             0x00000365   Thumb Code     2  startup_tm4c129.o(.text)
    I2C3_Handler                             0x00000367   Thumb Code     2  startup_tm4c129.o(.text)
    TIMER4A_Handler                          0x00000369   Thumb Code     2  startup_tm4c129.o(.text)
    TIMER4B_Handler                          0x0000036b   Thumb Code     2  startup_tm4c129.o(.text)
    TIMER5A_Handler                          0x0000036d   Thumb Code     2  startup_tm4c129.o(.text)
    TIMER5B_Handler                          0x0000036f   Thumb Code     2  startup_tm4c129.o(.text)
    WTIMER0A_Handler                         0x00000371   Thumb Code     2  startup_tm4c129.o(.text)
    WTIMER0B_Handler                         0x00000373   Thumb Code     2  startup_tm4c129.o(.text)
    WTIMER1A_Handler                         0x00000375   Thumb Code     2  startup_tm4c129.o(.text)
    WTIMER1B_Handler                         0x00000377   Thumb Code     2  startup_tm4c129.o(.text)
    WTIMER2A_Handler                         0x00000379   Thumb Code     2  startup_tm4c129.o(.text)
    WTIMER2B_Handler                         0x0000037b   Thumb Code     2  startup_tm4c129.o(.text)
    WTIMER3A_Handler                         0x0000037d   Thumb Code     2  startup_tm4c129.o(.text)
    WTIMER3B_Handler                         0x0000037f   Thumb Code     2  startup_tm4c129.o(.text)
    WTIMER4A_Handler                         0x00000381   Thumb Code     2  startup_tm4c129.o(.text)
    WTIMER4B_Handler                         0x00000383   Thumb Code     2  startup_tm4c129.o(.text)
    WTIMER5A_Handler                         0x00000385   Thumb Code     2  startup_tm4c129.o(.text)
    WTIMER5B_Handler                         0x00000387   Thumb Code     2  startup_tm4c129.o(.text)
    FPU_Handler                              0x00000389   Thumb Code     2  startup_tm4c129.o(.text)
    I2C4_Handler                             0x0000038b   Thumb Code     2  startup_tm4c129.o(.text)
    I2C5_Handler                             0x0000038d   Thumb Code     2  startup_tm4c129.o(.text)
    GPIOM_Handler                            0x0000038f   Thumb Code     2  startup_tm4c129.o(.text)
    GPION_Handler                            0x00000391   Thumb Code     2  startup_tm4c129.o(.text)
    TAMPER_Handler                           0x00000393   Thumb Code     2  startup_tm4c129.o(.text)
    GPIOP0_Handler                           0x00000395   Thumb Code     2  startup_tm4c129.o(.text)
    GPIOP1_Handler                           0x00000397   Thumb Code     2  startup_tm4c129.o(.text)
    GPIOP2_Handler                           0x00000399   Thumb Code     2  startup_tm4c129.o(.text)
    GPIOP3_Handler                           0x0000039b   Thumb Code     2  startup_tm4c129.o(.text)
    GPIOP4_Handler                           0x0000039d   Thumb Code     2  startup_tm4c129.o(.text)
    GPIOP5_Handler                           0x0000039f   Thumb Code     2  startup_tm4c129.o(.text)
    GPIOP6_Handler                           0x000003a1   Thumb Code     2  startup_tm4c129.o(.text)
    GPIOP7_Handler                           0x000003a3   Thumb Code     2  startup_tm4c129.o(.text)
    GPIOQ0_Handler                           0x000003a5   Thumb Code     2  startup_tm4c129.o(.text)
    GPIOQ1_Handler                           0x000003a7   Thumb Code     2  startup_tm4c129.o(.text)
    GPIOQ2_Handler                           0x000003a9   Thumb Code     2  startup_tm4c129.o(.text)
    GPIOQ3_Handler                           0x000003ab   Thumb Code     2  startup_tm4c129.o(.text)
    GPIOQ4_Handler                           0x000003ad   Thumb Code     2  startup_tm4c129.o(.text)
    GPIOQ5_Handler                           0x000003af   Thumb Code     2  startup_tm4c129.o(.text)
    GPIOQ6_Handler                           0x000003b1   Thumb Code     2  startup_tm4c129.o(.text)
    GPIOQ7_Handler                           0x000003b3   Thumb Code     2  startup_tm4c129.o(.text)
    GPIOR_Handler                            0x000003b5   Thumb Code     2  startup_tm4c129.o(.text)
    GPIOS_Handler                            0x000003b7   Thumb Code     2  startup_tm4c129.o(.text)
    SHAMD5_Handler                           0x000003b9   Thumb Code     2  startup_tm4c129.o(.text)
    AES_Handler                              0x000003bb   Thumb Code     2  startup_tm4c129.o(.text)
    DES3DES_Handler                          0x000003bd   Thumb Code     2  startup_tm4c129.o(.text)
    LCDCONTROLLER_Handler                    0x000003bf   Thumb Code     2  startup_tm4c129.o(.text)
    TIMER6A_Handler                          0x000003c1   Thumb Code     2  startup_tm4c129.o(.text)
    TIMER6B_Handler                          0x000003c3   Thumb Code     2  startup_tm4c129.o(.text)
    TIMER7A_Handler                          0x000003c5   Thumb Code     2  startup_tm4c129.o(.text)
    TIMER7B_Handler                          0x000003c7   Thumb Code     2  startup_tm4c129.o(.text)
    I2C6_Handler                             0x000003c9   Thumb Code     2  startup_tm4c129.o(.text)
    I2C7_Handler                             0x000003cb   Thumb Code     2  startup_tm4c129.o(.text)
    HIMSCANKEYBOARD_Handler                  0x000003cd   Thumb Code     2  startup_tm4c129.o(.text)
    ONEWIRE_Handler                          0x000003cf   Thumb Code     2  startup_tm4c129.o(.text)
    HIMPS2_Handler                           0x000003d1   Thumb Code     2  startup_tm4c129.o(.text)
    HIMLEDSEQUENCER_Handler                  0x000003d3   Thumb Code     2  startup_tm4c129.o(.text)
    HIMCONSUMERIR_Handler                    0x000003d5   Thumb Code     2  startup_tm4c129.o(.text)
    I2C8_Handler                             0x000003d7   Thumb Code     2  startup_tm4c129.o(.text)
    I2C9_Handler                             0x000003d9   Thumb Code     2  startup_tm4c129.o(.text)
    GPIOT_Handler                            0x000003db   Thumb Code     2  startup_tm4c129.o(.text)
    __user_initial_stackheap                 0x000003dd   Thumb Code     0  startup_tm4c129.o(.text)
    __use_two_region_memory                  0x000003fd   Thumb Code     2  heapauxi.o(.text)
    __rt_heap_escrow$2region                 0x000003ff   Thumb Code     2  heapauxi.o(.text)
    __rt_heap_expand$2region                 0x00000401   Thumb Code     2  heapauxi.o(.text)
    __user_setup_stackheap                   0x00000403   Thumb Code    74  sys_stackheap_outer.o(.text)
    exit                                     0x0000044d   Thumb Code    18  exit.o(.text)
    __user_libspace                          0x00000461   Thumb Code     8  libspace.o(.text)
    __user_perproc_libspace                  0x00000461   Thumb Code     0  libspace.o(.text)
    __user_perthread_libspace                0x00000461   Thumb Code     0  libspace.o(.text)
    _sys_exit                                0x00000469   Thumb Code     8  sys_exit.o(.text)
    __I$use$semihosting                      0x00000475   Thumb Code     0  use_no_semi.o(.text)
    __use_no_semihosting_swi                 0x00000475   Thumb Code     2  use_no_semi.o(.text)
    DelayMs                                  0x00000477   Thumb Code    26  main.o(i.DelayMs)
    __semihosting_library_function           0x00000477   Thumb Code     0  indicate_semi.o(.text)
    GPIODirModeSet                           0x00000491   Thumb Code    40  gpio.o(i.GPIODirModeSet)
    GPIOPadConfigSet                         0x000004b9   Thumb Code   312  gpio.o(i.GPIOPadConfigSet)
    GPIOPinConfigure                         0x000005f1   Thumb Code    60  gpio.o(i.GPIOPinConfigure)
    GPIOPinRead                              0x00000635   Thumb Code     6  gpio.o(i.GPIOPinRead)
    GPIOPinTypeGPIOInput                     0x0000063b   Thumb Code    28  gpio.o(i.GPIOPinTypeGPIOInput)
    GPIOPinTypeGPIOOutput                    0x00000657   Thumb Code    28  gpio.o(i.GPIOPinTypeGPIOOutput)
    GPIOPinTypeI2C                           0x00000673   Thumb Code    28  gpio.o(i.GPIOPinTypeI2C)
    GPIOPinTypeI2CSCL                        0x0000068f   Thumb Code    28  gpio.o(i.GPIOPinTypeI2CSCL)
    GPIOPinWrite                             0x000006ab   Thumb Code     6  gpio.o(i.GPIOPinWrite)
    I2C0_WriteByte                           0x000006b1   Thumb Code   102  s800_i2c.o(i.I2C0_WriteByte)
    I2CMasterBusy                            0x0000071d   Thumb Code    12  i2c.o(i.I2CMasterBusy)
    I2CMasterControl                         0x00000729   Thumb Code     4  i2c.o(i.I2CMasterControl)
    I2CMasterDataPut                         0x0000072d   Thumb Code     4  i2c.o(i.I2CMasterDataPut)
    I2CMasterEnable                          0x00000731   Thumb Code    10  i2c.o(i.I2CMasterEnable)
    I2CMasterErr                             0x0000073b   Thumb Code    24  i2c.o(i.I2CMasterErr)
    I2CMasterInitExpClk                      0x00000755   Thumb Code    72  i2c.o(i.I2CMasterInitExpClk)
    I2CMasterSlaveAddrSet                    0x000007a9   Thumb Code     8  i2c.o(i.I2CMasterSlaveAddrSet)
    IntMasterEnable                          0x000007b1   Thumb Code    14  interrupt.o(i.IntMasterEnable)
    MoveWindow                               0x000007c1   Thumb Code    50  flash_led.o(i.MoveWindow)
    S800_GPIO_Init                           0x000007f9   Thumb Code    74  main.o(i.S800_GPIO_Init)
    S800_I2C0_Init                           0x00000851   Thumb Code   118  s800_i2c.o(i.S800_I2C0_Init)
    S800_SysTick_Init                        0x000008e5   Thumb Code    34  main.o(i.S800_SysTick_Init)
    Seg7Code_FromAscii                       0x0000090d   Thumb Code   148  flash_led.o(i.Seg7Code_FromAscii)
    SetScrollSpeed                           0x000009a1   Thumb Code    50  flash_led.o(i.SetScrollSpeed)
    SysCtlClockFreqSet                       0x000009dd   Thumb Code   700  sysctl.o(i.SysCtlClockFreqSet)
    SysCtlClockGet                           0x00000cc1   Thumb Code   304  sysctl.o(i.SysCtlClockGet)
    SysCtlPeripheralEnable                   0x00000e15   Thumb Code    36  sysctl.o(i.SysCtlPeripheralEnable)
    SysCtlPeripheralReady                    0x00000e3d   Thumb Code    40  sysctl.o(i.SysCtlPeripheralReady)
    SysTickEnable                            0x00000e69   Thumb Code    14  systick.o(i.SysTickEnable)
    SysTickIntEnable                         0x00000e77   Thumb Code    14  systick.o(i.SysTickIntEnable)
    SysTickPeriodSet                         0x00000e85   Thumb Code    10  systick.o(i.SysTickPeriodSet)
    SysTick_Handler                          0x00000e91   Thumb Code   214  callback.o(i.SysTick_Handler)
    SystemClock_PLL                          0x00000f91   Thumb Code     8  main.o(i.SystemClock_PLL)
    SystemInit                               0x00000fa1   Thumb Code    18  system_tm4c129.o(i.SystemInit)
    is_key_Pressed                           0x00000fc1   Thumb Code    58  flash_led.o(i.is_key_Pressed)
    main                                     0x00000ffd   Thumb Code    34  main.o(i.main)
    main_control_loop                        0x00001029   Thumb Code    88  control_loop.o(i.main_control_loop)
    _fp_init                                 0x00001091   Thumb Code    10  fpinit.o(x$fpl$fpinit)
    __fplib_config_fpu_vfp                   0x00001099   Thumb Code     0  fpinit.o(x$fpl$fpinit)
    __fplib_config_pureend_doubles           0x00001099   Thumb Code     0  fpinit.o(x$fpl$fpinit)
    Region$$Table$$Base                      0x00001518   Number         0  anon$$obj.o(Region$$Table)
    Region$$Table$$Limit                     0x00001538   Number         0  anon$$obj.o(Region$$Table)
    time_flag_1ms                            0x20000000   Data           1  main.o(.data)
    ui32SysClock                             0x20000004   Data           4  main.o(.data)
    index                                    0x20000008   Data           1  flash_led.o(.data)
    str_buffer                               0x20000009   Data          23  flash_led.o(.data)
    str_len                                  0x20000020   Data           1  flash_led.o(.data)
    dir                                      0x20000021   Data           1  flash_led.o(.data)
    window_pos                               0x20000022   Data           1  flash_led.o(.data)
    pf0_on                                   0x20000023   Data           1  flash_led.o(.data)
    delay_time                               0x20000024   Data           4  flash_led.o(.data)
    scroll_tick                              0x20000028   Data           4  flash_led.o(.data)
    pf0_tick                                 0x2000002c   Data           4  flash_led.o(.data)
    speed_level                              0x20000030   Data           1  flash_led.o(.data)
    SystemCoreClock                          0x20000034   Data           4  system_tm4c129.o(.data)
    __libspace_start                         0x20000038   Data          96  libspace.o(.bss)
    __temporary_stack_top$libspace           0x20000098   Data           0  libspace.o(.bss)



==============================================================================

Memory Map of the image

  Image Entry point : 0x00000201

  Load Region LR_IROM1 (Base: 0x00000000, Size: 0x00001570, Max: 0x00100000, ABSOLUTE)

    Execution Region ER_IROM1 (Exec base: 0x00000000, Load base: 0x00000000, Size: 0x00001538, Max: 0x00100000, ABSOLUTE)

    Exec Addr    Load Addr    Size         Type   Attr      Idx    E Section Name        Object

    0x00000000   0x00000000   0x00000200   Data   RO          202    RESET               startup_tm4c129.o
    0x00000200   0x00000200   0x00000008   Code   RO         1475  * !!!main             c_w.l(__main.o)
    0x00000208   0x00000208   0x00000034   Code   RO         1632    !!!scatter          c_w.l(__scatter.o)
    0x0000023c   0x0000023c   0x0000001a   Code   RO         1634    !!handler_copy      c_w.l(__scatter_copy.o)
    0x00000256   0x00000256   0x00000002   PAD
    0x00000258   0x00000258   0x0000001c   Code   RO         1636    !!handler_zi        c_w.l(__scatter_zi.o)
    0x00000274   0x00000274   0x00000002   Code   RO         1502    .ARM.Collect$$libinit$$00000000  c_w.l(libinit.o)
    0x00000276   0x00000276   0x00000004   Code   RO         1508    .ARM.Collect$$libinit$$00000001  c_w.l(libinit2.o)
    0x0000027a   0x0000027a   0x00000000   Code   RO         1511    .ARM.Collect$$libinit$$00000004  c_w.l(libinit2.o)
    0x0000027a   0x0000027a   0x00000000   Code   RO         1514    .ARM.Collect$$libinit$$0000000A  c_w.l(libinit2.o)
    0x0000027a   0x0000027a   0x00000000   Code   RO         1516    .ARM.Collect$$libinit$$0000000C  c_w.l(libinit2.o)
    0x0000027a   0x0000027a   0x00000000   Code   RO         1518    .ARM.Collect$$libinit$$0000000E  c_w.l(libinit2.o)
    0x0000027a   0x0000027a   0x00000000   Code   RO         1521    .ARM.Collect$$libinit$$00000011  c_w.l(libinit2.o)
    0x0000027a   0x0000027a   0x00000000   Code   RO         1523    .ARM.Collect$$libinit$$00000013  c_w.l(libinit2.o)
    0x0000027a   0x0000027a   0x00000000   Code   RO         1525    .ARM.Collect$$libinit$$00000015  c_w.l(libinit2.o)
    0x0000027a   0x0000027a   0x00000000   Code   RO         1527    .ARM.Collect$$libinit$$00000017  c_w.l(libinit2.o)
    0x0000027a   0x0000027a   0x00000000   Code   RO         1529    .ARM.Collect$$libinit$$00000019  c_w.l(libinit2.o)
    0x0000027a   0x0000027a   0x00000000   Code   RO         1531    .ARM.Collect$$libinit$$0000001B  c_w.l(libinit2.o)
    0x0000027a   0x0000027a   0x00000000   Code   RO         1533    .ARM.Collect$$libinit$$0000001D  c_w.l(libinit2.o)
    0x0000027a   0x0000027a   0x00000000   Code   RO         1535    .ARM.Collect$$libinit$$0000001F  c_w.l(libinit2.o)
    0x0000027a   0x0000027a   0x00000000   Code   RO         1537    .ARM.Collect$$libinit$$00000021  c_w.l(libinit2.o)
    0x0000027a   0x0000027a   0x00000000   Code   RO         1539    .ARM.Collect$$libinit$$00000023  c_w.l(libinit2.o)
    0x0000027a   0x0000027a   0x00000000   Code   RO         1541    .ARM.Collect$$libinit$$00000025  c_w.l(libinit2.o)
    0x0000027a   0x0000027a   0x00000000   Code   RO         1545    .ARM.Collect$$libinit$$0000002C  c_w.l(libinit2.o)
    0x0000027a   0x0000027a   0x00000000   Code   RO         1547    .ARM.Collect$$libinit$$0000002E  c_w.l(libinit2.o)
    0x0000027a   0x0000027a   0x00000000   Code   RO         1549    .ARM.Collect$$libinit$$00000030  c_w.l(libinit2.o)
    0x0000027a   0x0000027a   0x00000000   Code   RO         1551    .ARM.Collect$$libinit$$00000032  c_w.l(libinit2.o)
    0x0000027a   0x0000027a   0x00000002   Code   RO         1552    .ARM.Collect$$libinit$$00000033  c_w.l(libinit2.o)
    0x0000027c   0x0000027c   0x00000002   Code   RO         1572    .ARM.Collect$$libshutdown$$00000000  c_w.l(libshutdown.o)
    0x0000027e   0x0000027e   0x00000000   Code   RO         1585    .ARM.Collect$$libshutdown$$00000002  c_w.l(libshutdown2.o)
    0x0000027e   0x0000027e   0x00000000   Code   RO         1587    .ARM.Collect$$libshutdown$$00000004  c_w.l(libshutdown2.o)
    0x0000027e   0x0000027e   0x00000000   Code   RO         1590    .ARM.Collect$$libshutdown$$00000007  c_w.l(libshutdown2.o)
    0x0000027e   0x0000027e   0x00000000   Code   RO         1593    .ARM.Collect$$libshutdown$$0000000A  c_w.l(libshutdown2.o)
    0x0000027e   0x0000027e   0x00000000   Code   RO         1595    .ARM.Collect$$libshutdown$$0000000C  c_w.l(libshutdown2.o)
    0x0000027e   0x0000027e   0x00000000   Code   RO         1598    .ARM.Collect$$libshutdown$$0000000F  c_w.l(libshutdown2.o)
    0x0000027e   0x0000027e   0x00000002   Code   RO         1599    .ARM.Collect$$libshutdown$$00000010  c_w.l(libshutdown2.o)
    0x00000280   0x00000280   0x00000000   Code   RO         1477    .ARM.Collect$$rtentry$$00000000  c_w.l(__rtentry.o)
    0x00000280   0x00000280   0x00000000   Code   RO         1479    .ARM.Collect$$rtentry$$00000002  c_w.l(__rtentry2.o)
    0x00000280   0x00000280   0x00000006   Code   RO         1491    .ARM.Collect$$rtentry$$00000004  c_w.l(__rtentry4.o)
    0x00000286   0x00000286   0x00000000   Code   RO         1481    .ARM.Collect$$rtentry$$00000009  c_w.l(__rtentry2.o)
    0x00000286   0x00000286   0x00000004   Code   RO         1482    .ARM.Collect$$rtentry$$0000000A  c_w.l(__rtentry2.o)
    0x0000028a   0x0000028a   0x00000000   Code   RO         1484    .ARM.Collect$$rtentry$$0000000C  c_w.l(__rtentry2.o)
    0x0000028a   0x0000028a   0x00000008   Code   RO         1485    .ARM.Collect$$rtentry$$0000000D  c_w.l(__rtentry2.o)
    0x00000292   0x00000292   0x00000002   Code   RO         1506    .ARM.Collect$$rtexit$$00000000  c_w.l(rtexit.o)
    0x00000294   0x00000294   0x00000000   Code   RO         1554    .ARM.Collect$$rtexit$$00000002  c_w.l(rtexit2.o)
    0x00000294   0x00000294   0x00000004   Code   RO         1555    .ARM.Collect$$rtexit$$00000003  c_w.l(rtexit2.o)
    0x00000298   0x00000298   0x00000006   Code   RO         1556    .ARM.Collect$$rtexit$$00000004  c_w.l(rtexit2.o)
    0x0000029e   0x0000029e   0x00000002   PAD
    0x000002a0   0x000002a0   0x00000006   Code   RO         1050    .emb_text           driverlib.lib(sysctl.o)
    0x000002a6   0x000002a6   0x00000002   PAD
    0x000002a8   0x000002a8   0x00000026   Code   RO         1461    .emb_text           driverlib.lib(cpu.o)
    0x000002ce   0x000002ce   0x00000002   PAD
    0x000002d0   0x000002d0   0x0000012c   Code   RO          203    .text               startup_tm4c129.o
    0x000003fc   0x000003fc   0x00000006   Code   RO         1473    .text               c_w.l(heapauxi.o)
    0x00000402   0x00000402   0x0000004a   Code   RO         1493    .text               c_w.l(sys_stackheap_outer.o)
    0x0000044c   0x0000044c   0x00000012   Code   RO         1495    .text               c_w.l(exit.o)
    0x0000045e   0x0000045e   0x00000002   PAD
    0x00000460   0x00000460   0x00000008   Code   RO         1503    .text               c_w.l(libspace.o)
    0x00000468   0x00000468   0x0000000c   Code   RO         1564    .text               c_w.l(sys_exit.o)
    0x00000474   0x00000474   0x00000002   Code   RO         1575    .text               c_w.l(use_no_semi.o)
    0x00000476   0x00000476   0x00000000   Code   RO         1577    .text               c_w.l(indicate_semi.o)
    0x00000476   0x00000476   0x0000001a   Code   RO            1    i.DelayMs           main.o
    0x00000490   0x00000490   0x00000028   Code   RO          271    i.GPIODirModeSet    driverlib.lib(gpio.o)
    0x000004b8   0x000004b8   0x00000138   Code   RO          283    i.GPIOPadConfigSet  driverlib.lib(gpio.o)
    0x000005f0   0x000005f0   0x00000044   Code   RO          284    i.GPIOPinConfigure  driverlib.lib(gpio.o)
    0x00000634   0x00000634   0x00000006   Code   RO          285    i.GPIOPinRead       driverlib.lib(gpio.o)
    0x0000063a   0x0000063a   0x0000001c   Code   RO          294    i.GPIOPinTypeGPIOInput  driverlib.lib(gpio.o)
    0x00000656   0x00000656   0x0000001c   Code   RO          295    i.GPIOPinTypeGPIOOutput  driverlib.lib(gpio.o)
    0x00000672   0x00000672   0x0000001c   Code   RO          298    i.GPIOPinTypeI2C    driverlib.lib(gpio.o)
    0x0000068e   0x0000068e   0x0000001c   Code   RO          299    i.GPIOPinTypeI2CSCL  driverlib.lib(gpio.o)
    0x000006aa   0x000006aa   0x00000006   Code   RO          313    i.GPIOPinWrite      driverlib.lib(gpio.o)
    0x000006b0   0x000006b0   0x0000006c   Code   RO          172    i.I2C0_WriteByte    s800_i2c.o
    0x0000071c   0x0000071c   0x0000000c   Code   RO          608    i.I2CMasterBusy     driverlib.lib(i2c.o)
    0x00000728   0x00000728   0x00000004   Code   RO          609    i.I2CMasterControl  driverlib.lib(i2c.o)
    0x0000072c   0x0000072c   0x00000004   Code   RO          611    i.I2CMasterDataPut  driverlib.lib(i2c.o)
    0x00000730   0x00000730   0x0000000a   Code   RO          613    i.I2CMasterEnable   driverlib.lib(i2c.o)
    0x0000073a   0x0000073a   0x00000018   Code   RO          614    i.I2CMasterErr      driverlib.lib(i2c.o)
    0x00000752   0x00000752   0x00000002   PAD
    0x00000754   0x00000754   0x00000054   Code   RO          616    i.I2CMasterInitExpClk  driverlib.lib(i2c.o)
    0x000007a8   0x000007a8   0x00000008   Code   RO          626    i.I2CMasterSlaveAddrSet  driverlib.lib(i2c.o)
    0x000007b0   0x000007b0   0x0000000e   Code   RO          938    i.IntMasterEnable   driverlib.lib(interrupt.o)
    0x000007be   0x000007be   0x00000002   PAD
    0x000007c0   0x000007c0   0x00000038   Code   RO          124    i.MoveWindow        flash_led.o
    0x000007f8   0x000007f8   0x00000058   Code   RO            2    i.S800_GPIO_Init    main.o
    0x00000850   0x00000850   0x00000094   Code   RO          173    i.S800_I2C0_Init    s800_i2c.o
    0x000008e4   0x000008e4   0x00000028   Code   RO            3    i.S800_SysTick_Init  main.o
    0x0000090c   0x0000090c   0x00000094   Code   RO          125    i.Seg7Code_FromAscii  flash_led.o
    0x000009a0   0x000009a0   0x0000003c   Code   RO          126    i.SetScrollSpeed    flash_led.o
    0x000009dc   0x000009dc   0x000002e4   Code   RO         1052    i.SysCtlClockFreqSet  driverlib.lib(sysctl.o)
    0x00000cc0   0x00000cc0   0x00000154   Code   RO         1053    i.SysCtlClockGet    driverlib.lib(sysctl.o)
    0x00000e14   0x00000e14   0x00000028   Code   RO         1084    i.SysCtlPeripheralEnable  driverlib.lib(sysctl.o)
    0x00000e3c   0x00000e3c   0x0000002c   Code   RO         1088    i.SysCtlPeripheralReady  driverlib.lib(sysctl.o)
    0x00000e68   0x00000e68   0x0000000e   Code   RO         1399    i.SysTickEnable     driverlib.lib(systick.o)
    0x00000e76   0x00000e76   0x0000000e   Code   RO         1401    i.SysTickIntEnable  driverlib.lib(systick.o)
    0x00000e84   0x00000e84   0x0000000a   Code   RO         1405    i.SysTickPeriodSet  driverlib.lib(systick.o)
    0x00000e8e   0x00000e8e   0x00000002   PAD
    0x00000e90   0x00000e90   0x00000100   Code   RO           95    i.SysTick_Handler   callback.o
    0x00000f90   0x00000f90   0x00000010   Code   RO            4    i.SystemClock_PLL   main.o
    0x00000fa0   0x00000fa0   0x00000020   Code   RO          212    i.SystemInit        system_tm4c129.o
    0x00000fc0   0x00000fc0   0x0000003a   Code   RO          127    i.is_key_Pressed    flash_led.o
    0x00000ffa   0x00000ffa   0x00000002   PAD
    0x00000ffc   0x00000ffc   0x0000002c   Code   RO            5    i.main              main.o
    0x00001028   0x00001028   0x00000068   Code   RO          111    i.main_control_loop  control_loop.o
    0x00001090   0x00001090   0x0000000a   Code   RO         1562    x$fpl$fpinit        fz_wm.l(fpinit.o)
    0x0000109a   0x0000109a   0x00000002   PAD
    0x0000109c   0x0000109c   0x00000228   Data   RO          315    .constdata          driverlib.lib(gpio.o)
    0x000012c4   0x000012c4   0x00000254   Data   RO         1106    .constdata          driverlib.lib(sysctl.o)
    0x00001518   0x00001518   0x00000020   Data   RO         1630    Region$$Table       anon$$obj.o


    Execution Region RW_IRAM1 (Exec base: 0x20000000, Load base: 0x00001538, Size: 0x00000298, Max: 0x00040000, ABSOLUTE)

    Exec Addr    Load Addr    Size         Type   Attr      Idx    E Section Name        Object

    0x20000000   0x00001538   0x00000001   Data   RW            6    .data               main.o
    0x20000001   0x00001539   0x00000003   PAD
    0x20000004   0x0000153c   0x00000004   Data   RW            7    .data               main.o
    0x20000008   0x00001540   0x00000001   Data   RW          130    .data               flash_led.o
    0x20000009   0x00001541   0x00000017   Data   RW          131    .data               flash_led.o
    0x20000020   0x00001558   0x00000010   Data   RW          132    .data               flash_led.o
    0x20000030   0x00001568   0x00000001   Data   RW          133    .data               flash_led.o
    0x20000031   0x00001569   0x00000003   PAD
    0x20000034   0x0000156c   0x00000004   Data   RW          213    .data               system_tm4c129.o
    0x20000038        -       0x00000060   Zero   RW         1504    .bss                c_w.l(libspace.o)
    0x20000098        -       0x00000000   Zero   RW          201    HEAP                startup_tm4c129.o
    0x20000098        -       0x00000200   Zero   RW          200    STACK               startup_tm4c129.o


==============================================================================

Image component sizes


      Code (inc. data)   RO Data    RW Data    ZI Data      Debug   Object Name

       256         42          0          0          0        622   callback.o
       104         16          0          0          0        556   control_loop.o
       322         26          0         41          0       3805   flash_led.o
       214         38          0          5          0       7157   main.o
       256         36          0          0          0       1202   s800_i2c.o
       300         22        512          0        512       6040   startup_tm4c129.o
        32         14          0          4          0       3843   system_tm4c129.o

    ----------------------------------------------------------------------
      1486        194        544         56        512      23225   Object Totals
         0          0         32          0          0          0   (incl. Generated)
         2          0          0          6          0          0   (incl. Padding)

    ----------------------------------------------------------------------

      Code (inc. data)   RO Data    RW Data    ZI Data      Debug   Library Member Name

         8          0          0          0          0         68   __main.o
         0          0          0          0          0          0   __rtentry.o
        12          0          0          0          0          0   __rtentry2.o
         6          0          0          0          0          0   __rtentry4.o
        52          8          0          0          0          0   __scatter.o
        26          0          0          0          0          0   __scatter_copy.o
        28          0          0          0          0          0   __scatter_zi.o
        18          0          0          0          0         80   exit.o
         6          0          0          0          0        152   heapauxi.o
         0          0          0          0          0          0   indicate_semi.o
         2          0          0          0          0          0   libinit.o
         6          0          0          0          0          0   libinit2.o
         2          0          0          0          0          0   libshutdown.o
         2          0          0          0          0          0   libshutdown2.o
         8          4          0          0         96         68   libspace.o
         2          0          0          0          0          0   rtexit.o
        10          0          0          0          0          0   rtexit2.o
        12          4          0          0          0         68   sys_exit.o
        74          0          0          0          0         80   sys_stackheap_outer.o
         2          0          0          0          0         68   use_no_semi.o
        38          0          0          0          0        572   cpu.o
       544          8        552          0          0       9256   gpio.o
       146         12          0          0          0       4452   i2c.o
        14          0          0          0          0        518   interrupt.o
      1170         84        596          0          0       5819   sysctl.o
        38          0          0          0          0       1410   systick.o
        10          0          0          0          0        116   fpinit.o

    ----------------------------------------------------------------------
      2254        120       1148          0         96      22727   Library Totals
        18          0          0          0          0          0   (incl. Padding)

    ----------------------------------------------------------------------

      Code (inc. data)   RO Data    RW Data    ZI Data      Debug   Library Name

       276         16          0          0         96        584   c_w.l
      1950        104       1148          0          0      22027   driverlib.lib
        10          0          0          0          0        116   fz_wm.l

    ----------------------------------------------------------------------
      2254        120       1148          0         96      22727   Library Totals

    ----------------------------------------------------------------------

==============================================================================


      Code (inc. data)   RO Data    RW Data    ZI Data      Debug   

      3740        314       1692         56        608      42596   Grand Totals
      3740        314       1692         56        608      42596   ELF Image Totals
      3740        314       1692         56          0          0   ROM Totals

==============================================================================

    Total RO  Size (Code + RO Data)                 5432 (   5.30kB)
    Total RW  Size (RW Data + ZI Data)               664 (   0.65kB)
    Total ROM Size (Code + RO Data + RW Data)       5488 (   5.36kB)

==============================================================================

